Archive member included because of file (symbol)

C:/ethernut-5.1/nutbld/lib\libnutos.a(heap.o)
                              C:/ethernut-5.1/nutbld/lib/nutinit.o (NutHeapRootAdd)
C:/ethernut-5.1/nutbld/lib\libnutos.a(thread.o)
                              C:/ethernut-5.1/nutbld/lib/nutinit.o (NutThreadDestroy)
C:/ethernut-5.1/nutbld/lib\libnutos.a(timer.o)
                              DoubleThreads.o (NutSleep)
C:/ethernut-5.1/nutbld/lib\libnutos.a(event.o)
                              C:/ethernut-5.1/nutbld/lib\libnutos.a(thread.o) (NutEventPostAsync)
C:/ethernut-5.1/nutbld/lib\libnutos.a(confos.o)
                              C:/ethernut-5.1/nutbld/lib/nutinit.o (NutLoadConfig)
C:/ethernut-5.1/nutbld/lib\libnutcrt.a(fprintf.o)
                              C:/ethernut-5.1/nutbld/lib\libnutos.a(heap.o) (fprintf)
C:/ethernut-5.1/nutbld/lib\libnutcrt.a(vfprintf.o)
                              C:/ethernut-5.1/nutbld/lib\libnutcrt.a(fprintf.o) (vfprintf)
C:/ethernut-5.1/nutbld/lib\libnutcrt.a(putf.o)
                              C:/ethernut-5.1/nutbld/lib\libnutcrt.a(vfprintf.o) (_putf)
C:/ethernut-5.1/nutbld/lib\libnutcrt.a(write.o)
                              C:/ethernut-5.1/nutbld/lib\libnutcrt.a(vfprintf.o) (_write)
C:/ethernut-5.1/nutbld/lib\libnutcrt.a(malloc.o)
                              C:/ethernut-5.1/nutbld/lib\libnutcrt.a(putf.o) (free)
C:/ethernut-5.1/nutbld/lib\libnutcrt.a(errno.o)
                              C:/ethernut-5.1/nutbld/lib\libnutcrt.a(malloc.o) (errno)
C:/ethernut-5.1/nutbld/lib\libnutdev.a(nvmem.o)
                              C:/ethernut-5.1/nutbld/lib\libnutos.a(confos.o) (NutNvMemSave)
C:/ethernut-5.1/nutbld/lib\libnutarch.a(ethernut1.o)
                              C:/ethernut-5.1/nutbld/lib/nutinit.o (NutBoardInit)
C:/ethernut-5.1/nutbld/lib\libnutarch.a(context_gcc.o)
                              C:/ethernut-5.1/nutbld/lib\libnutos.a(thread.o) (NutThreadSwitch)
C:/ethernut-5.1/nutbld/lib\libnutarch.a(ostimer.o)
                              C:/ethernut-5.1/nutbld/lib\libnutos.a(timer.o) (NutArchClockGet)
C:/ethernut-5.1/nutbld/lib\libnutarch.a(ih_timer0_comp.o)
                              C:/ethernut-5.1/nutbld/lib\libnutarch.a(ostimer.o) (sig_OUTPUT_COMPARE0)
C:/ethernut-5.1/nutbld/lib\libnutarch.a(eeprom.o)
                              C:/ethernut-5.1/nutbld/lib\libnutdev.a(nvmem.o) (OnChipNvMemSave)
C:/ethernut-5.1/nutbld/lib\libnutdev.a(ihndlr.o)
                              C:/ethernut-5.1/nutbld/lib\libnutarch.a(ih_timer0_comp.o) (CallHandler)
c:/winavr-20100110/bin/../lib/gcc/avr/4.3.3/avr51\libgcc.a(_mulsi3.o)
                              C:/ethernut-5.1/nutbld/lib\libnutos.a(timer.o) (__mulsi3)
c:/winavr-20100110/bin/../lib/gcc/avr/4.3.3/avr51\libgcc.a(_udivmodsi4.o)
                              C:/ethernut-5.1/nutbld/lib\libnutos.a(timer.o) (__udivmodsi4)
c:/winavr-20100110/bin/../lib/gcc/avr/4.3.3/avr51\libgcc.a(_exit.o)
                              c:/winavr-20100110/bin/../lib/gcc/avr/4.3.3/../../../../avr/lib/avr51/crtm128.o (exit)
c:/winavr-20100110/bin/../lib/gcc/avr/4.3.3/avr51\libgcc.a(_clear_bss.o)
                              DoubleThreads.o (__do_clear_bss)
c:/winavr-20100110/bin/../lib/gcc/avr/4.3.3/../../../../avr/lib/avr51\libc.a(strcpy_P.o)
                              C:/ethernut-5.1/nutbld/lib\libnutcrt.a(putf.o) (strcpy_P)
c:/winavr-20100110/bin/../lib/gcc/avr/4.3.3/../../../../avr/lib/avr51\libc.a(strlen_P.o)
                              C:/ethernut-5.1/nutbld/lib\libnutcrt.a(putf.o) (strlen_P)
c:/winavr-20100110/bin/../lib/gcc/avr/4.3.3/../../../../avr/lib/avr51\libc.a(memchr.o)
                              C:/ethernut-5.1/nutbld/lib\libnutcrt.a(putf.o) (memchr)
c:/winavr-20100110/bin/../lib/gcc/avr/4.3.3/../../../../avr/lib/avr51\libc.a(memcmp.o)
                              C:/ethernut-5.1/nutbld/lib\libnutos.a(confos.o) (memcmp)
c:/winavr-20100110/bin/../lib/gcc/avr/4.3.3/../../../../avr/lib/avr51\libc.a(memcpy.o)
                              C:/ethernut-5.1/nutbld/lib\libnutos.a(heap.o) (memcpy)
c:/winavr-20100110/bin/../lib/gcc/avr/4.3.3/../../../../avr/lib/avr51\libc.a(memset.o)
                              C:/ethernut-5.1/nutbld/lib\libnutos.a(heap.o) (memset)
c:/winavr-20100110/bin/../lib/gcc/avr/4.3.3/../../../../avr/lib/avr51\libc.a(strcmp.o)
                              C:/ethernut-5.1/nutbld/lib\libnutos.a(thread.o) (strcmp)
c:/winavr-20100110/bin/../lib/gcc/avr/4.3.3/../../../../avr/lib/avr51\libc.a(strcpy.o)
                              C:/ethernut-5.1/nutbld/lib\libnutos.a(confos.o) (strcpy)
c:/winavr-20100110/bin/../lib/gcc/avr/4.3.3/../../../../avr/lib/avr51\libc.a(eerd_block_atmega128.o)
                              C:/ethernut-5.1/nutbld/lib\libnutarch.a(eeprom.o) (__eerd_block_m128)
c:/winavr-20100110/bin/../lib/gcc/avr/4.3.3/../../../../avr/lib/avr51\libc.a(eerd_byte_atmega128.o)
                              C:/ethernut-5.1/nutbld/lib\libnutarch.a(eeprom.o) (__eerd_byte_m128)
c:/winavr-20100110/bin/../lib/gcc/avr/4.3.3/../../../../avr/lib/avr51\libc.a(eewr_byte_atmega128.o)
                              C:/ethernut-5.1/nutbld/lib\libnutarch.a(eeprom.o) (__eewr_byte_m128)

Allocating common symbols
Common symbol       size              file

errno               0x2               C:/ethernut-5.1/nutbld/lib\libnutcrt.a(errno.o)
heapFreeList        0x2               C:/ethernut-5.1/nutbld/lib\libnutos.a(heap.o)
nutTimerList        0x2               C:/ethernut-5.1/nutbld/lib\libnutos.a(timer.o)
confos              0x13              C:/ethernut-5.1/nutbld/lib\libnutos.a(confos.o)
nutThreadList       0x2               C:/ethernut-5.1/nutbld/lib\libnutos.a(thread.o)
runQueue            0x2               C:/ethernut-5.1/nutbld/lib\libnutos.a(thread.o)
nut_ticks           0x4               C:/ethernut-5.1/nutbld/lib\libnutos.a(timer.o)
runningThread       0x2               C:/ethernut-5.1/nutbld/lib\libnutos.a(thread.o)
killedThread        0x2               C:/ethernut-5.1/nutbld/lib\libnutos.a(thread.o)

Discarded input sections

 .data          0x00000000        0x0 c:/winavr-20100110/bin/../lib/gcc/avr/4.3.3/../../../../avr/lib/avr51/crtm128.o
 .bss           0x00000000        0x0 c:/winavr-20100110/bin/../lib/gcc/avr/4.3.3/../../../../avr/lib/avr51/crtm128.o
 .text          0x00000000        0x0 DoubleThreads.o
 .bss           0x00000000        0x0 DoubleThreads.o
 .text.TimerTick
                0x00000000        0x0 DoubleThreads.o
 .text          0x00000000        0x0 C:/ethernut-5.1/nutbld/lib/nutinit.o
 .bss           0x00000000        0x0 C:/ethernut-5.1/nutbld/lib/nutinit.o
 .text.NutThreadSetSleepMode
                0x00000000        0x0 C:/ethernut-5.1/nutbld/lib/nutinit.o
 .text          0x00000000        0x0 C:/ethernut-5.1/nutbld/lib\libnutos.a(heap.o)
 .data          0x00000000        0x0 C:/ethernut-5.1/nutbld/lib\libnutos.a(heap.o)
 .bss           0x00000000        0x0 C:/ethernut-5.1/nutbld/lib\libnutos.a(heap.o)
 .text.NutHeapRootAvailable
                0x00000000        0x0 C:/ethernut-5.1/nutbld/lib\libnutos.a(heap.o)
 .text.NutHeapRootRegionAvailable
                0x00000000        0x0 C:/ethernut-5.1/nutbld/lib\libnutos.a(heap.o)
 .text.NutHeapCheck
                0x00000000        0x0 C:/ethernut-5.1/nutbld/lib\libnutos.a(heap.o)
 .text.NutHeapDump
                0x00000000        0x0 C:/ethernut-5.1/nutbld/lib\libnutos.a(heap.o)
 .text.NutHeapRootRealloc
                0x00000000        0x0 C:/ethernut-5.1/nutbld/lib\libnutos.a(heap.o)
 .text.NutHeapRootAllocClear
                0x00000000        0x0 C:/ethernut-5.1/nutbld/lib\libnutos.a(heap.o)
 .text          0x00000000        0x0 C:/ethernut-5.1/nutbld/lib\libnutos.a(thread.o)
 .data          0x00000000        0x0 C:/ethernut-5.1/nutbld/lib\libnutos.a(thread.o)
 .bss           0x00000000        0x0 C:/ethernut-5.1/nutbld/lib\libnutos.a(thread.o)
 .text.GetThreadByName
                0x00000000        0x0 C:/ethernut-5.1/nutbld/lib\libnutos.a(thread.o)
 .text.NutThreadStackAvailable
                0x00000000        0x0 C:/ethernut-5.1/nutbld/lib\libnutos.a(thread.o)
 .text.NutThreadExit
                0x00000000        0x0 C:/ethernut-5.1/nutbld/lib\libnutos.a(thread.o)
 .text          0x00000000        0x0 C:/ethernut-5.1/nutbld/lib\libnutos.a(timer.o)
 .data          0x00000000        0x0 C:/ethernut-5.1/nutbld/lib\libnutos.a(timer.o)
 .text.NutGetTickCount
                0x00000000        0x0 C:/ethernut-5.1/nutbld/lib\libnutos.a(timer.o)
 .text.NutGetCpuClock
                0x00000000        0x0 C:/ethernut-5.1/nutbld/lib\libnutos.a(timer.o)
 .text.NutMicroDelay
                0x00000000        0x0 C:/ethernut-5.1/nutbld/lib\libnutos.a(timer.o)
 .text.NutDelay
                0x00000000        0x0 C:/ethernut-5.1/nutbld/lib\libnutos.a(timer.o)
 .text.NutClockSet
                0x00000000        0x0 C:/ethernut-5.1/nutbld/lib\libnutos.a(timer.o)
 .text.NutGetMillis
                0x00000000        0x0 C:/ethernut-5.1/nutbld/lib\libnutos.a(timer.o)
 .text.NutGetSeconds
                0x00000000        0x0 C:/ethernut-5.1/nutbld/lib\libnutos.a(timer.o)
 .text          0x00000000        0x0 C:/ethernut-5.1/nutbld/lib\libnutos.a(event.o)
 .data          0x00000000        0x0 C:/ethernut-5.1/nutbld/lib\libnutos.a(event.o)
 .bss           0x00000000        0x0 C:/ethernut-5.1/nutbld/lib\libnutos.a(event.o)
 .text.NutEventBroadcastAsync
                0x00000000        0x0 C:/ethernut-5.1/nutbld/lib\libnutos.a(event.o)
 .text.NutEventBroadcast
                0x00000000        0x0 C:/ethernut-5.1/nutbld/lib\libnutos.a(event.o)
 .text.NutEventPost
                0x00000000        0x0 C:/ethernut-5.1/nutbld/lib\libnutos.a(event.o)
 .text.NutEventTimeout
                0x00000000        0x0 C:/ethernut-5.1/nutbld/lib\libnutos.a(event.o)
 .text.NutEventWait
                0x00000000        0x0 C:/ethernut-5.1/nutbld/lib\libnutos.a(event.o)
 .text.NutEventWaitNext
                0x00000000        0x0 C:/ethernut-5.1/nutbld/lib\libnutos.a(event.o)
 .text          0x00000000        0x0 C:/ethernut-5.1/nutbld/lib\libnutos.a(confos.o)
 .bss           0x00000000        0x0 C:/ethernut-5.1/nutbld/lib\libnutos.a(confos.o)
 .text.NutSaveConfig
                0x00000000        0x0 C:/ethernut-5.1/nutbld/lib\libnutos.a(confos.o)
 .text          0x00000000        0x0 C:/ethernut-5.1/nutbld/lib\libnutcrt.a(fprintf.o)
 .data          0x00000000        0x0 C:/ethernut-5.1/nutbld/lib\libnutcrt.a(fprintf.o)
 .bss           0x00000000        0x0 C:/ethernut-5.1/nutbld/lib\libnutcrt.a(fprintf.o)
 .text.fprintf  0x00000000        0x0 C:/ethernut-5.1/nutbld/lib\libnutcrt.a(fprintf.o)
 .text          0x00000000        0x0 C:/ethernut-5.1/nutbld/lib\libnutcrt.a(vfprintf.o)
 .data          0x00000000        0x0 C:/ethernut-5.1/nutbld/lib\libnutcrt.a(vfprintf.o)
 .bss           0x00000000        0x0 C:/ethernut-5.1/nutbld/lib\libnutcrt.a(vfprintf.o)
 .text.vfprintf
                0x00000000        0x0 C:/ethernut-5.1/nutbld/lib\libnutcrt.a(vfprintf.o)
 .text          0x00000000        0x0 C:/ethernut-5.1/nutbld/lib\libnutcrt.a(putf.o)
 .data          0x00000000        0x0 C:/ethernut-5.1/nutbld/lib\libnutcrt.a(putf.o)
 .bss           0x00000000        0x0 C:/ethernut-5.1/nutbld/lib\libnutcrt.a(putf.o)
 .text._putpad  0x00000000        0x0 C:/ethernut-5.1/nutbld/lib\libnutcrt.a(putf.o)
 .text._putf    0x00000000        0x0 C:/ethernut-5.1/nutbld/lib\libnutcrt.a(putf.o)
 .text          0x00000000        0x0 C:/ethernut-5.1/nutbld/lib\libnutcrt.a(write.o)
 .data          0x00000000        0x0 C:/ethernut-5.1/nutbld/lib\libnutcrt.a(write.o)
 .bss           0x00000000        0x0 C:/ethernut-5.1/nutbld/lib\libnutcrt.a(write.o)
 .text._write   0x00000000        0x0 C:/ethernut-5.1/nutbld/lib\libnutcrt.a(write.o)
 .text          0x00000000        0x0 C:/ethernut-5.1/nutbld/lib\libnutcrt.a(malloc.o)
 .data          0x00000000        0x0 C:/ethernut-5.1/nutbld/lib\libnutcrt.a(malloc.o)
 .bss           0x00000000        0x0 C:/ethernut-5.1/nutbld/lib\libnutcrt.a(malloc.o)
 .text.free     0x00000000        0x0 C:/ethernut-5.1/nutbld/lib\libnutcrt.a(malloc.o)
 .text.malloc   0x00000000        0x0 C:/ethernut-5.1/nutbld/lib\libnutcrt.a(malloc.o)
 .text          0x00000000        0x0 C:/ethernut-5.1/nutbld/lib\libnutcrt.a(errno.o)
 .data          0x00000000        0x0 C:/ethernut-5.1/nutbld/lib\libnutcrt.a(errno.o)
 .bss           0x00000000        0x0 C:/ethernut-5.1/nutbld/lib\libnutcrt.a(errno.o)
 COMMON         0x00000000        0x0 C:/ethernut-5.1/nutbld/lib\libnutcrt.a(errno.o)
 .text          0x00000000        0x0 C:/ethernut-5.1/nutbld/lib\libnutdev.a(nvmem.o)
 .data          0x00000000        0x0 C:/ethernut-5.1/nutbld/lib\libnutdev.a(nvmem.o)
 .bss           0x00000000        0x0 C:/ethernut-5.1/nutbld/lib\libnutdev.a(nvmem.o)
 .text.NutNvMemSave
                0x00000000        0x0 C:/ethernut-5.1/nutbld/lib\libnutdev.a(nvmem.o)
 .text          0x00000000        0x0 C:/ethernut-5.1/nutbld/lib\libnutarch.a(ethernut1.o)
 .data          0x00000000        0x0 C:/ethernut-5.1/nutbld/lib\libnutarch.a(ethernut1.o)
 .bss           0x00000000        0x0 C:/ethernut-5.1/nutbld/lib\libnutarch.a(ethernut1.o)
 .text          0x00000000        0x0 C:/ethernut-5.1/nutbld/lib\libnutarch.a(context_gcc.o)
 .data          0x00000000        0x0 C:/ethernut-5.1/nutbld/lib\libnutarch.a(context_gcc.o)
 .bss           0x00000000        0x0 C:/ethernut-5.1/nutbld/lib\libnutarch.a(context_gcc.o)
 .text          0x00000000        0x0 C:/ethernut-5.1/nutbld/lib\libnutarch.a(ostimer.o)
 .data          0x00000000        0x0 C:/ethernut-5.1/nutbld/lib\libnutarch.a(ostimer.o)
 .text.NutArchClockGet
                0x00000000        0x0 C:/ethernut-5.1/nutbld/lib\libnutarch.a(ostimer.o)
 .text.NutGetTickClock
                0x00000000        0x0 C:/ethernut-5.1/nutbld/lib\libnutarch.a(ostimer.o)
 .text          0x00000000        0x0 C:/ethernut-5.1/nutbld/lib\libnutarch.a(ih_timer0_comp.o)
 .bss           0x00000000        0x0 C:/ethernut-5.1/nutbld/lib\libnutarch.a(ih_timer0_comp.o)
 .text          0x00000000        0x0 C:/ethernut-5.1/nutbld/lib\libnutarch.a(eeprom.o)
 .data          0x00000000        0x0 C:/ethernut-5.1/nutbld/lib\libnutarch.a(eeprom.o)
 .bss           0x00000000        0x0 C:/ethernut-5.1/nutbld/lib\libnutarch.a(eeprom.o)
 .text.OnChipNvMemSave
                0x00000000        0x0 C:/ethernut-5.1/nutbld/lib\libnutarch.a(eeprom.o)
 .text          0x00000000        0x0 C:/ethernut-5.1/nutbld/lib\libnutdev.a(ihndlr.o)
 .data          0x00000000        0x0 C:/ethernut-5.1/nutbld/lib\libnutdev.a(ihndlr.o)
 .bss           0x00000000        0x0 C:/ethernut-5.1/nutbld/lib\libnutdev.a(ihndlr.o)
 .text.NutIrqStatus
                0x00000000        0x0 C:/ethernut-5.1/nutbld/lib\libnutdev.a(ihndlr.o)
 .text.NutIrqEnable
                0x00000000        0x0 C:/ethernut-5.1/nutbld/lib\libnutdev.a(ihndlr.o)
 .text.NutIrqDisable
                0x00000000        0x0 C:/ethernut-5.1/nutbld/lib\libnutdev.a(ihndlr.o)
 .text.NutIrqSetPriority
                0x00000000        0x0 C:/ethernut-5.1/nutbld/lib\libnutdev.a(ihndlr.o)
 .text.NutIrqGetPriority
                0x00000000        0x0 C:/ethernut-5.1/nutbld/lib\libnutdev.a(ihndlr.o)
 .text.NutIrqSetMode
                0x00000000        0x0 C:/ethernut-5.1/nutbld/lib\libnutdev.a(ihndlr.o)
 .text          0x00000000        0x0 c:/winavr-20100110/bin/../lib/gcc/avr/4.3.3/avr51\libgcc.a(_mulsi3.o)
 .data          0x00000000        0x0 c:/winavr-20100110/bin/../lib/gcc/avr/4.3.3/avr51\libgcc.a(_mulsi3.o)
 .bss           0x00000000        0x0 c:/winavr-20100110/bin/../lib/gcc/avr/4.3.3/avr51\libgcc.a(_mulsi3.o)
 .text.libgcc   0x00000000        0x0 c:/winavr-20100110/bin/../lib/gcc/avr/4.3.3/avr51\libgcc.a(_mulsi3.o)
 .text          0x00000000        0x0 c:/winavr-20100110/bin/../lib/gcc/avr/4.3.3/avr51\libgcc.a(_udivmodsi4.o)
 .data          0x00000000        0x0 c:/winavr-20100110/bin/../lib/gcc/avr/4.3.3/avr51\libgcc.a(_udivmodsi4.o)
 .bss           0x00000000        0x0 c:/winavr-20100110/bin/../lib/gcc/avr/4.3.3/avr51\libgcc.a(_udivmodsi4.o)
 .text          0x00000000        0x0 c:/winavr-20100110/bin/../lib/gcc/avr/4.3.3/avr51\libgcc.a(_exit.o)
 .data          0x00000000        0x0 c:/winavr-20100110/bin/../lib/gcc/avr/4.3.3/avr51\libgcc.a(_exit.o)
 .bss           0x00000000        0x0 c:/winavr-20100110/bin/../lib/gcc/avr/4.3.3/avr51\libgcc.a(_exit.o)
 .text.libgcc   0x00000000        0x0 c:/winavr-20100110/bin/../lib/gcc/avr/4.3.3/avr51\libgcc.a(_exit.o)
 .text          0x00000000        0x0 c:/winavr-20100110/bin/../lib/gcc/avr/4.3.3/avr51\libgcc.a(_clear_bss.o)
 .data          0x00000000        0x0 c:/winavr-20100110/bin/../lib/gcc/avr/4.3.3/avr51\libgcc.a(_clear_bss.o)
 .bss           0x00000000        0x0 c:/winavr-20100110/bin/../lib/gcc/avr/4.3.3/avr51\libgcc.a(_clear_bss.o)
 .text.libgcc   0x00000000        0x0 c:/winavr-20100110/bin/../lib/gcc/avr/4.3.3/avr51\libgcc.a(_clear_bss.o)
 .text          0x00000000        0x0 c:/winavr-20100110/bin/../lib/gcc/avr/4.3.3/../../../../avr/lib/avr51\libc.a(strcpy_P.o)
 .data          0x00000000        0x0 c:/winavr-20100110/bin/../lib/gcc/avr/4.3.3/../../../../avr/lib/avr51\libc.a(strcpy_P.o)
 .bss           0x00000000        0x0 c:/winavr-20100110/bin/../lib/gcc/avr/4.3.3/../../../../avr/lib/avr51\libc.a(strcpy_P.o)
 .text.avr-libc
                0x00000000        0x0 c:/winavr-20100110/bin/../lib/gcc/avr/4.3.3/../../../../avr/lib/avr51\libc.a(strcpy_P.o)
 .text          0x00000000        0x0 c:/winavr-20100110/bin/../lib/gcc/avr/4.3.3/../../../../avr/lib/avr51\libc.a(strlen_P.o)
 .data          0x00000000        0x0 c:/winavr-20100110/bin/../lib/gcc/avr/4.3.3/../../../../avr/lib/avr51\libc.a(strlen_P.o)
 .bss           0x00000000        0x0 c:/winavr-20100110/bin/../lib/gcc/avr/4.3.3/../../../../avr/lib/avr51\libc.a(strlen_P.o)
 .text.avr-libc
                0x00000000        0x0 c:/winavr-20100110/bin/../lib/gcc/avr/4.3.3/../../../../avr/lib/avr51\libc.a(strlen_P.o)
 .text          0x00000000        0x0 c:/winavr-20100110/bin/../lib/gcc/avr/4.3.3/../../../../avr/lib/avr51\libc.a(memchr.o)
 .data          0x00000000        0x0 c:/winavr-20100110/bin/../lib/gcc/avr/4.3.3/../../../../avr/lib/avr51\libc.a(memchr.o)
 .bss           0x00000000        0x0 c:/winavr-20100110/bin/../lib/gcc/avr/4.3.3/../../../../avr/lib/avr51\libc.a(memchr.o)
 .text.avr-libc
                0x00000000        0x0 c:/winavr-20100110/bin/../lib/gcc/avr/4.3.3/../../../../avr/lib/avr51\libc.a(memchr.o)
 .text          0x00000000        0x0 c:/winavr-20100110/bin/../lib/gcc/avr/4.3.3/../../../../avr/lib/avr51\libc.a(memcmp.o)
 .data          0x00000000        0x0 c:/winavr-20100110/bin/../lib/gcc/avr/4.3.3/../../../../avr/lib/avr51\libc.a(memcmp.o)
 .bss           0x00000000        0x0 c:/winavr-20100110/bin/../lib/gcc/avr/4.3.3/../../../../avr/lib/avr51\libc.a(memcmp.o)
 .text          0x00000000        0x0 c:/winavr-20100110/bin/../lib/gcc/avr/4.3.3/../../../../avr/lib/avr51\libc.a(memcpy.o)
 .data          0x00000000        0x0 c:/winavr-20100110/bin/../lib/gcc/avr/4.3.3/../../../../avr/lib/avr51\libc.a(memcpy.o)
 .bss           0x00000000        0x0 c:/winavr-20100110/bin/../lib/gcc/avr/4.3.3/../../../../avr/lib/avr51\libc.a(memcpy.o)
 .text.avr-libc
                0x00000000        0x0 c:/winavr-20100110/bin/../lib/gcc/avr/4.3.3/../../../../avr/lib/avr51\libc.a(memcpy.o)
 .text          0x00000000        0x0 c:/winavr-20100110/bin/../lib/gcc/avr/4.3.3/../../../../avr/lib/avr51\libc.a(memset.o)
 .data          0x00000000        0x0 c:/winavr-20100110/bin/../lib/gcc/avr/4.3.3/../../../../avr/lib/avr51\libc.a(memset.o)
 .bss           0x00000000        0x0 c:/winavr-20100110/bin/../lib/gcc/avr/4.3.3/../../../../avr/lib/avr51\libc.a(memset.o)
 .text.avr-libc
                0x00000000        0x0 c:/winavr-20100110/bin/../lib/gcc/avr/4.3.3/../../../../avr/lib/avr51\libc.a(memset.o)
 .text          0x00000000        0x0 c:/winavr-20100110/bin/../lib/gcc/avr/4.3.3/../../../../avr/lib/avr51\libc.a(strcmp.o)
 .data          0x00000000        0x0 c:/winavr-20100110/bin/../lib/gcc/avr/4.3.3/../../../../avr/lib/avr51\libc.a(strcmp.o)
 .bss           0x00000000        0x0 c:/winavr-20100110/bin/../lib/gcc/avr/4.3.3/../../../../avr/lib/avr51\libc.a(strcmp.o)
 .text.avr-libc
                0x00000000        0x0 c:/winavr-20100110/bin/../lib/gcc/avr/4.3.3/../../../../avr/lib/avr51\libc.a(strcmp.o)
 .text          0x00000000        0x0 c:/winavr-20100110/bin/../lib/gcc/avr/4.3.3/../../../../avr/lib/avr51\libc.a(strcpy.o)
 .data          0x00000000        0x0 c:/winavr-20100110/bin/../lib/gcc/avr/4.3.3/../../../../avr/lib/avr51\libc.a(strcpy.o)
 .bss           0x00000000        0x0 c:/winavr-20100110/bin/../lib/gcc/avr/4.3.3/../../../../avr/lib/avr51\libc.a(strcpy.o)
 .text          0x00000000        0x0 c:/winavr-20100110/bin/../lib/gcc/avr/4.3.3/../../../../avr/lib/avr51\libc.a(eerd_block_atmega128.o)
 .data          0x00000000        0x0 c:/winavr-20100110/bin/../lib/gcc/avr/4.3.3/../../../../avr/lib/avr51\libc.a(eerd_block_atmega128.o)
 .bss           0x00000000        0x0 c:/winavr-20100110/bin/../lib/gcc/avr/4.3.3/../../../../avr/lib/avr51\libc.a(eerd_block_atmega128.o)
 .text          0x00000000        0x0 c:/winavr-20100110/bin/../lib/gcc/avr/4.3.3/../../../../avr/lib/avr51\libc.a(eerd_byte_atmega128.o)
 .data          0x00000000        0x0 c:/winavr-20100110/bin/../lib/gcc/avr/4.3.3/../../../../avr/lib/avr51\libc.a(eerd_byte_atmega128.o)
 .bss           0x00000000        0x0 c:/winavr-20100110/bin/../lib/gcc/avr/4.3.3/../../../../avr/lib/avr51\libc.a(eerd_byte_atmega128.o)
 .text.avr-libc
                0x00000000        0x0 c:/winavr-20100110/bin/../lib/gcc/avr/4.3.3/../../../../avr/lib/avr51\libc.a(eerd_byte_atmega128.o)
 .text          0x00000000        0x0 c:/winavr-20100110/bin/../lib/gcc/avr/4.3.3/../../../../avr/lib/avr51\libc.a(eewr_byte_atmega128.o)
 .data          0x00000000        0x0 c:/winavr-20100110/bin/../lib/gcc/avr/4.3.3/../../../../avr/lib/avr51\libc.a(eewr_byte_atmega128.o)
 .bss           0x00000000        0x0 c:/winavr-20100110/bin/../lib/gcc/avr/4.3.3/../../../../avr/lib/avr51\libc.a(eewr_byte_atmega128.o)
 .text.avr-libc
                0x00000000        0x0 c:/winavr-20100110/bin/../lib/gcc/avr/4.3.3/../../../../avr/lib/avr51\libc.a(eewr_byte_atmega128.o)

Memory Configuration

Name             Origin             Length             Attributes
text             0x00000000         0x00020000         xr
data             0x00800060         0x0000ffa0         rw !x
eeprom           0x00810000         0x00010000         rw !x
fuse             0x00820000         0x00000400         rw !x
lock             0x00830000         0x00000400         rw !x
signature        0x00840000         0x00000400         rw !x
*default*        0x00000000         0xffffffff

Linker script and memory map

Address of section .data set to 0x800100
LOAD c:/winavr-20100110/bin/../lib/gcc/avr/4.3.3/../../../../avr/lib/avr51/crtm128.o
LOAD DoubleThreads.o
                0x00000000                main = 0x0
START GROUP
LOAD C:/ethernut-5.1/nutbld/lib/nutinit.o
LOAD C:/ethernut-5.1/nutbld/lib\libnutpro.a
LOAD C:/ethernut-5.1/nutbld/lib\libnutnet.a
LOAD C:/ethernut-5.1/nutbld/lib\libnutfs.a
LOAD C:/ethernut-5.1/nutbld/lib\libnutos.a
LOAD C:/ethernut-5.1/nutbld/lib\libnutgorp.a
LOAD C:/ethernut-5.1/nutbld/lib\libnutcrt.a
LOAD C:/ethernut-5.1/nutbld/lib\libnutdev.a
LOAD C:/ethernut-5.1/nutbld/lib\libnutarch.a
END GROUP
LOAD c:/winavr-20100110/bin/../lib/gcc/avr/4.3.3/avr51\libgcc.a
LOAD c:/winavr-20100110/bin/../lib/gcc/avr/4.3.3/../../../../avr/lib/avr51\libc.a
LOAD c:/winavr-20100110/bin/../lib/gcc/avr/4.3.3/avr51\libgcc.a

.hash
 *(.hash)

.dynsym
 *(.dynsym)

.dynstr
 *(.dynstr)

.gnu.version
 *(.gnu.version)

.gnu.version_d
 *(.gnu.version_d)

.gnu.version_r
 *(.gnu.version_r)

.rel.init
 *(.rel.init)

.rela.init
 *(.rela.init)

.rel.text
 *(.rel.text)
 *(.rel.text.*)
 *(.rel.gnu.linkonce.t*)

.rela.text
 *(.rela.text)
 *(.rela.text.*)
 *(.rela.gnu.linkonce.t*)

.rel.fini
 *(.rel.fini)

.rela.fini
 *(.rela.fini)

.rel.rodata
 *(.rel.rodata)
 *(.rel.rodata.*)
 *(.rel.gnu.linkonce.r*)

.rela.rodata
 *(.rela.rodata)
 *(.rela.rodata.*)
 *(.rela.gnu.linkonce.r*)

.rel.data
 *(.rel.data)
 *(.rel.data.*)
 *(.rel.gnu.linkonce.d*)

.rela.data
 *(.rela.data)
 *(.rela.data.*)
 *(.rela.gnu.linkonce.d*)

.rel.ctors
 *(.rel.ctors)

.rela.ctors
 *(.rela.ctors)

.rel.dtors
 *(.rel.dtors)

.rela.dtors
 *(.rela.dtors)

.rel.got
 *(.rel.got)

.rela.got
 *(.rela.got)

.rel.bss
 *(.rel.bss)

.rela.bss
 *(.rela.bss)

.rel.plt
 *(.rel.plt)

.rela.plt
 *(.rela.plt)

.text           0x00000000     0x103c
 *(.vectors)
 .vectors       0x00000000       0x8c c:/winavr-20100110/bin/../lib/gcc/avr/4.3.3/../../../../avr/lib/avr51/crtm128.o
                0x00000000                __vectors
                0x00000000                __vector_default
 *(.vectors)
 *(.progmem.gcc*)
 *(.progmem*)
                0x0000008c                . = ALIGN (0x2)
                0x0000008c                __trampolines_start = .
 *(.trampolines)
 .trampolines   0x0000008c        0x0 linker stubs
 *(.trampolines*)
                0x0000008c                __trampolines_end = .
 *(.jumptables)
 *(.jumptables*)
 *(.lowtext)
 *(.lowtext*)
                0x0000008c                __ctors_start = .
 *(.ctors)
                0x0000008c                __ctors_end = .
                0x0000008c                __dtors_start = .
 *(.dtors)
                0x0000008c                __dtors_end = .
 SORT(*)(.ctors)
 SORT(*)(.dtors)
 *(.init0)
 .init0         0x0000008c        0x0 c:/winavr-20100110/bin/../lib/gcc/avr/4.3.3/../../../../avr/lib/avr51/crtm128.o
                0x0000008c                __init
 *(.init0)
 *(.init1)
 .init1         0x0000008c        0x4 C:/ethernut-5.1/nutbld/lib/nutinit.o
 .init1         0x00000090       0x44 C:/ethernut-5.1/nutbld/lib\libnutarch.a(ethernut1.o)
 *(.init1)
 *(.init2)
 .init2         0x000000d4        0xc c:/winavr-20100110/bin/../lib/gcc/avr/4.3.3/../../../../avr/lib/avr51/crtm128.o
 *(.init2)
 *(.init3)
 *(.init3)
 *(.init4)
 .init4         0x000000e0       0x1a c:/winavr-20100110/bin/../lib/gcc/avr/4.3.3/../../../../avr/lib/avr51/crtm128.o
                0x000000e0                __do_copy_data
 .init4         0x000000fa       0x10 c:/winavr-20100110/bin/../lib/gcc/avr/4.3.3/avr51\libgcc.a(_clear_bss.o)
                0x000000fa                __do_clear_bss
 *(.init4)
 *(.init5)
 .init5         0x0000010a       0x2a C:/ethernut-5.1/nutbld/lib/nutinit.o
 *(.init5)
 *(.init6)
 *(.init6)
 *(.init7)
 *(.init7)
 *(.init8)
 .init8         0x00000134       0x1c C:/ethernut-5.1/nutbld/lib/nutinit.o
                0x00000134                NutInit
 *(.init8)
 *(.init9)
 .init9         0x00000150        0x8 c:/winavr-20100110/bin/../lib/gcc/avr/4.3.3/../../../../avr/lib/avr51/crtm128.o
 *(.init9)
 *(.text)
 .text          0x00000158        0x4 c:/winavr-20100110/bin/../lib/gcc/avr/4.3.3/../../../../avr/lib/avr51/crtm128.o
                0x00000158                __vector_22
                0x00000158                __vector_28
                0x00000158                __vector_1
                0x00000158                __vector_32
                0x00000158                __vector_34
                0x00000158                __vector_24
                0x00000158                __vector_12
                0x00000158                __bad_interrupt
                0x00000158                __vector_6
                0x00000158                __vector_31
                0x00000158                __vector_3
                0x00000158                __vector_23
                0x00000158                __vector_30
                0x00000158                __vector_25
                0x00000158                __vector_11
                0x00000158                __vector_13
                0x00000158                __vector_17
                0x00000158                __vector_19
                0x00000158                __vector_7
                0x00000158                __vector_27
                0x00000158                __vector_5
                0x00000158                __vector_33
                0x00000158                __vector_4
                0x00000158                __vector_9
                0x00000158                __vector_2
                0x00000158                __vector_21
                0x00000158                __vector_29
                0x00000158                __vector_8
                0x00000158                __vector_26
                0x00000158                __vector_14
                0x00000158                __vector_10
                0x00000158                __vector_16
                0x00000158                __vector_18
                0x00000158                __vector_20
                0x0000015c                . = ALIGN (0x2)
 *(.text.*)
 .text.NutAppMain
                0x0000015c       0x46 DoubleThreads.o
                0x0000015c                NutAppMain
 .text.Thread2  0x000001a2       0x20 DoubleThreads.o
                0x000001a2                Thread2
 .text.Thread1  0x000001c2       0x20 DoubleThreads.o
                0x000001c2                Thread1
 .text.NutIdle  0x000001e2       0x52 C:/ethernut-5.1/nutbld/lib/nutinit.o
                0x000001e2                NutIdle
 .text.NutHeapRootAlloc
                0x00000234       0xb0 C:/ethernut-5.1/nutbld/lib\libnutos.a(heap.o)
                0x00000234                NutHeapRootAlloc
 .text.NutHeapRootFree
                0x000002e4       0xd8 C:/ethernut-5.1/nutbld/lib\libnutos.a(heap.o)
                0x000002e4                NutHeapRootFree
 .text.NutHeapRootAdd
                0x000003bc       0x22 C:/ethernut-5.1/nutbld/lib\libnutos.a(heap.o)
                0x000003bc                NutHeapRootAdd
 .text.NutThreadAddPriQueue
                0x000003de       0xb2 C:/ethernut-5.1/nutbld/lib\libnutos.a(thread.o)
                0x000003de                NutThreadAddPriQueue
 .text.NutThreadRemoveQueue
                0x00000490       0x8e C:/ethernut-5.1/nutbld/lib\libnutos.a(thread.o)
                0x00000490                NutThreadRemoveQueue
 .text.NutThreadWake
                0x0000051e       0x16 C:/ethernut-5.1/nutbld/lib\libnutos.a(thread.o)
                0x0000051e                NutThreadWake
 .text.NutThreadDestroy
                0x00000534       0x22 C:/ethernut-5.1/nutbld/lib\libnutos.a(thread.o)
                0x00000534                NutThreadDestroy
 .text.NutThreadKill
                0x00000556       0x4e C:/ethernut-5.1/nutbld/lib\libnutos.a(thread.o)
                0x00000556                NutThreadKill
 .text.NutThreadSetPriority
                0x000005a4       0x6e C:/ethernut-5.1/nutbld/lib\libnutos.a(thread.o)
                0x000005a4                NutThreadSetPriority
 .text.NutThreadResume
                0x00000612       0x8a C:/ethernut-5.1/nutbld/lib\libnutos.a(thread.o)
                0x00000612                NutThreadResume
 .text.NutThreadYield
                0x0000069c       0x30 C:/ethernut-5.1/nutbld/lib\libnutos.a(thread.o)
                0x0000069c                NutThreadYield
 .text.NutTimerIntr
                0x000006cc       0x28 C:/ethernut-5.1/nutbld/lib\libnutos.a(timer.o)
                0x000006cc                NutTimerIntr
 .text.NutTimerInsert
                0x000006f4       0x86 C:/ethernut-5.1/nutbld/lib\libnutos.a(timer.o)
                0x000006f4                NutTimerInsert
 .text.NutTimerStop
                0x0000077a       0x80 C:/ethernut-5.1/nutbld/lib\libnutos.a(timer.o)
                0x0000077a                NutTimerStop
 .text.NutTimerCreate
                0x000007fa       0xa2 C:/ethernut-5.1/nutbld/lib\libnutos.a(timer.o)
                0x000007fa                NutTimerCreate
 .text.NutTimerStartTicks
                0x0000089c       0x1e C:/ethernut-5.1/nutbld/lib\libnutos.a(timer.o)
                0x0000089c                NutTimerStartTicks
 .text.NutTimerStart
                0x000008ba       0x26 C:/ethernut-5.1/nutbld/lib\libnutos.a(timer.o)
                0x000008ba                NutTimerStart
 .text.NutSleep
                0x000008e0       0x9e C:/ethernut-5.1/nutbld/lib\libnutos.a(timer.o)
                0x000008e0                NutSleep
 .text.NutTimerProcessElapsed
                0x0000097e      0x11c C:/ethernut-5.1/nutbld/lib\libnutos.a(timer.o)
                0x0000097e                NutTimerProcessElapsed
 .text.NutTimerInit
                0x00000a9a       0x10 C:/ethernut-5.1/nutbld/lib\libnutos.a(timer.o)
                0x00000a9a                NutTimerInit
 .text.NutEventPostAsync
                0x00000aaa       0xa0 C:/ethernut-5.1/nutbld/lib\libnutos.a(event.o)
                0x00000aaa                NutEventPostAsync
 .text.NutLoadConfig
                0x00000b4a       0x4a C:/ethernut-5.1/nutbld/lib\libnutos.a(confos.o)
                0x00000b4a                NutLoadConfig
 .text.NutNvMemLoad
                0x00000b94        0x6 C:/ethernut-5.1/nutbld/lib\libnutdev.a(nvmem.o)
                0x00000b94                NutNvMemLoad
 .text.NutBoardInit
                0x00000b9a        0x2 C:/ethernut-5.1/nutbld/lib\libnutarch.a(ethernut1.o)
                0x00000b9a                NutBoardInit
 .text.NutThreadEntry
                0x00000b9c       0x10 C:/ethernut-5.1/nutbld/lib\libnutarch.a(context_gcc.o)
 .text.NutThreadSwitch
                0x00000bac       0x76 C:/ethernut-5.1/nutbld/lib\libnutarch.a(context_gcc.o)
                0x00000be0                thread_start
                0x00000bac                NutThreadSwitch
 .text.NutThreadCreate
                0x00000c22      0x140 C:/ethernut-5.1/nutbld/lib\libnutarch.a(context_gcc.o)
                0x00000c22                NutThreadCreate
 .text.NutTimerMillisToTicks
                0x00000d62       0x5c C:/ethernut-5.1/nutbld/lib\libnutarch.a(ostimer.o)
                0x00000d62                NutTimerMillisToTicks
 .text.NutRegisterTimer
                0x00000dbe       0xa0 C:/ethernut-5.1/nutbld/lib\libnutarch.a(ostimer.o)
                0x00000dbe                NutRegisterTimer
 .text.AvrTimer0CompIrqCtl
                0x00000e5e       0x90 C:/ethernut-5.1/nutbld/lib\libnutarch.a(ih_timer0_comp.o)
 .text.__vector_15
                0x00000eee       0x54 C:/ethernut-5.1/nutbld/lib\libnutarch.a(ih_timer0_comp.o)
                0x00000eee                __vector_15
 .text.OnChipNvMemLoad
                0x00000f42       0x10 C:/ethernut-5.1/nutbld/lib\libnutarch.a(eeprom.o)
                0x00000f42                OnChipNvMemLoad
 .text.CallHandler
                0x00000f52       0x16 C:/ethernut-5.1/nutbld/lib\libnutdev.a(ihndlr.o)
                0x00000f52                CallHandler
 .text.NutRegisterIrqHandler
                0x00000f68       0x44 C:/ethernut-5.1/nutbld/lib\libnutdev.a(ihndlr.o)
                0x00000f68                NutRegisterIrqHandler
 .text.libgcc   0x00000fac       0x44 c:/winavr-20100110/bin/../lib/gcc/avr/4.3.3/avr51\libgcc.a(_udivmodsi4.o)
                0x00000fac                __udivmodsi4
 .text.avr-libc
                0x00000ff0       0x1a c:/winavr-20100110/bin/../lib/gcc/avr/4.3.3/../../../../avr/lib/avr51\libc.a(memcmp.o)
                0x00000ff0                memcmp
 .text.avr-libc
                0x0000100a        0xe c:/winavr-20100110/bin/../lib/gcc/avr/4.3.3/../../../../avr/lib/avr51\libc.a(strcpy.o)
                0x0000100a                strcpy
 .text.avr-libc
                0x00001018       0x20 c:/winavr-20100110/bin/../lib/gcc/avr/4.3.3/../../../../avr/lib/avr51\libc.a(eerd_block_atmega128.o)
                0x0000101c                __eerd_blraw_m128
                0x00001018                __eerd_block_m128
                0x00001038                . = ALIGN (0x2)
 *(.fini9)
 .fini9         0x00001038        0x0 c:/winavr-20100110/bin/../lib/gcc/avr/4.3.3/avr51\libgcc.a(_exit.o)
                0x00001038                exit
                0x00001038                _exit
 *(.fini9)
 *(.fini8)
 *(.fini8)
 *(.fini7)
 *(.fini7)
 *(.fini6)
 *(.fini6)
 *(.fini5)
 *(.fini5)
 *(.fini4)
 *(.fini4)
 *(.fini3)
 *(.fini3)
 *(.fini2)
 *(.fini2)
 *(.fini1)
 *(.fini1)
 *(.fini0)
 .fini0         0x00001038        0x4 c:/winavr-20100110/bin/../lib/gcc/avr/4.3.3/avr51\libgcc.a(_exit.o)
 *(.fini0)
                0x0000103c                _etext = .

.data           0x00800100       0x24 load address 0x0000103c
                0x00800100                PROVIDE (__data_start, .)
 *(.data)
 .data          0x00800100        0x6 DoubleThreads.o
 .data          0x00800106        0xb C:/ethernut-5.1/nutbld/lib/nutinit.o
                0x00800110                idle_sleep_mode
 .data          0x00800111        0xc C:/ethernut-5.1/nutbld/lib\libnutos.a(confos.o)
 .data          0x0080011d        0x6 C:/ethernut-5.1/nutbld/lib\libnutarch.a(ih_timer0_comp.o)
                0x0080011d                sig_OUTPUT_COMPARE0
 *(.data*)
 *(.rodata)
 *(.rodata*)
 *(.gnu.linkonce.d*)
                0x00800124                . = ALIGN (0x2)
 *fill*         0x00800123        0x1 00
                0x00800124                _edata = .
                0x00800124                PROVIDE (__data_end, .)

.bss            0x00800124       0x2f
                0x00800124                PROVIDE (__bss_start, .)
 *(.bss)
 .bss           0x00800124        0x8 C:/ethernut-5.1/nutbld/lib\libnutos.a(timer.o)
 .bss           0x0080012c        0x4 C:/ethernut-5.1/nutbld/lib\libnutarch.a(ostimer.o)
 *(.bss*)
 *(COMMON)
 COMMON         0x00800130        0x2 C:/ethernut-5.1/nutbld/lib\libnutos.a(heap.o)
                0x00800130                heapFreeList
 COMMON         0x00800132        0x8 C:/ethernut-5.1/nutbld/lib\libnutos.a(thread.o)
                0x00800132                nutThreadList
                0x00800134                runQueue
                0x00800136                runningThread
                0x00800138                killedThread
 COMMON         0x0080013a        0x6 C:/ethernut-5.1/nutbld/lib\libnutos.a(timer.o)
                0x0080013a                nutTimerList
                0x0080013c                nut_ticks
 COMMON         0x00800140       0x13 C:/ethernut-5.1/nutbld/lib\libnutos.a(confos.o)
                0x00800140                confos
                0x00800153                PROVIDE (__bss_end, .)
                0x0000103c                __data_load_start = LOADADDR (.data)
                0x00001060                __data_load_end = (__data_load_start + SIZEOF (.data))

.noinit         0x00800153        0x0
                0x00800153                PROVIDE (__noinit_start, .)
 *(.noinit*)
                0x00800153                PROVIDE (__noinit_end, .)
                0x00800153                _end = .
                0x00800153                PROVIDE (__heap_start, .)

.eeprom         0x00810000        0x0
 *(.eeprom*)
                0x00810000                __eeprom_end = .

.fuse
 *(.fuse)
 *(.lfuse)
 *(.hfuse)
 *(.efuse)

.lock
 *(.lock*)

.signature
 *(.signature*)

.stab
 *(.stab)

.stabstr
 *(.stabstr)

.stab.excl
 *(.stab.excl)

.stab.exclstr
 *(.stab.exclstr)

.stab.index
 *(.stab.index)

.stab.indexstr
 *(.stab.indexstr)

.comment
 *(.comment)

.debug
 *(.debug)

.line
 *(.line)

.debug_srcinfo
 *(.debug_srcinfo)

.debug_sfnames
 *(.debug_sfnames)

.debug_aranges
 *(.debug_aranges)

.debug_pubnames
 *(.debug_pubnames)

.debug_info
 *(.debug_info)
 *(.gnu.linkonce.wi.*)

.debug_abbrev
 *(.debug_abbrev)

.debug_line
 *(.debug_line)

.debug_frame
 *(.debug_frame)

.debug_str
 *(.debug_str)

.debug_loc
 *(.debug_loc)

.debug_macinfo
 *(.debug_macinfo)
OUTPUT(DoubleThreads.elf elf32-avr)
LOAD linker stubs

Cross Reference Table

Symbol                                            File
CallHandler                                       C:/ethernut-5.1/nutbld/lib\libnutdev.a(ihndlr.o)
                                                  C:/ethernut-5.1/nutbld/lib\libnutarch.a(ih_timer0_comp.o)
GetThreadByName                                   C:/ethernut-5.1/nutbld/lib\libnutos.a(thread.o)
NutAppMain                                        DoubleThreads.o
                                                  C:/ethernut-5.1/nutbld/lib/nutinit.o
NutArchClockGet                                   C:/ethernut-5.1/nutbld/lib\libnutarch.a(ostimer.o)
                                                  C:/ethernut-5.1/nutbld/lib\libnutos.a(timer.o)
NutBoardInit                                      C:/ethernut-5.1/nutbld/lib\libnutarch.a(ethernut1.o)
                                                  C:/ethernut-5.1/nutbld/lib/nutinit.o
NutClockSet                                       C:/ethernut-5.1/nutbld/lib\libnutos.a(timer.o)
NutDelay                                          C:/ethernut-5.1/nutbld/lib\libnutos.a(timer.o)
NutEventBroadcast                                 C:/ethernut-5.1/nutbld/lib\libnutos.a(event.o)
NutEventBroadcastAsync                            C:/ethernut-5.1/nutbld/lib\libnutos.a(event.o)
NutEventPost                                      C:/ethernut-5.1/nutbld/lib\libnutos.a(event.o)
NutEventPostAsync                                 C:/ethernut-5.1/nutbld/lib\libnutos.a(event.o)
                                                  C:/ethernut-5.1/nutbld/lib\libnutos.a(thread.o)
NutEventTimeout                                   C:/ethernut-5.1/nutbld/lib\libnutos.a(event.o)
NutEventWait                                      C:/ethernut-5.1/nutbld/lib\libnutos.a(event.o)
NutEventWaitNext                                  C:/ethernut-5.1/nutbld/lib\libnutos.a(event.o)
NutGetCpuClock                                    C:/ethernut-5.1/nutbld/lib\libnutos.a(timer.o)
NutGetMillis                                      C:/ethernut-5.1/nutbld/lib\libnutos.a(timer.o)
NutGetSeconds                                     C:/ethernut-5.1/nutbld/lib\libnutos.a(timer.o)
NutGetTickClock                                   C:/ethernut-5.1/nutbld/lib\libnutarch.a(ostimer.o)
                                                  C:/ethernut-5.1/nutbld/lib\libnutos.a(timer.o)
NutGetTickCount                                   C:/ethernut-5.1/nutbld/lib\libnutos.a(timer.o)
NutHeapCheck                                      C:/ethernut-5.1/nutbld/lib\libnutos.a(heap.o)
NutHeapDump                                       C:/ethernut-5.1/nutbld/lib\libnutos.a(heap.o)
NutHeapRootAdd                                    C:/ethernut-5.1/nutbld/lib\libnutos.a(heap.o)
                                                  C:/ethernut-5.1/nutbld/lib/nutinit.o
NutHeapRootAlloc                                  C:/ethernut-5.1/nutbld/lib\libnutos.a(heap.o)
                                                  C:/ethernut-5.1/nutbld/lib\libnutarch.a(context_gcc.o)
                                                  C:/ethernut-5.1/nutbld/lib\libnutcrt.a(malloc.o)
                                                  C:/ethernut-5.1/nutbld/lib\libnutos.a(timer.o)
NutHeapRootAllocClear                             C:/ethernut-5.1/nutbld/lib\libnutos.a(heap.o)
NutHeapRootAvailable                              C:/ethernut-5.1/nutbld/lib\libnutos.a(heap.o)
NutHeapRootFree                                   C:/ethernut-5.1/nutbld/lib\libnutos.a(heap.o)
                                                  C:/ethernut-5.1/nutbld/lib\libnutcrt.a(malloc.o)
                                                  C:/ethernut-5.1/nutbld/lib\libnutos.a(timer.o)
                                                  C:/ethernut-5.1/nutbld/lib\libnutos.a(thread.o)
NutHeapRootRealloc                                C:/ethernut-5.1/nutbld/lib\libnutos.a(heap.o)
NutHeapRootRegionAvailable                        C:/ethernut-5.1/nutbld/lib\libnutos.a(heap.o)
NutIdle                                           C:/ethernut-5.1/nutbld/lib/nutinit.o
NutInit                                           C:/ethernut-5.1/nutbld/lib/nutinit.o
NutIrqDisable                                     C:/ethernut-5.1/nutbld/lib\libnutdev.a(ihndlr.o)
NutIrqEnable                                      C:/ethernut-5.1/nutbld/lib\libnutdev.a(ihndlr.o)
NutIrqGetPriority                                 C:/ethernut-5.1/nutbld/lib\libnutdev.a(ihndlr.o)
NutIrqSetMode                                     C:/ethernut-5.1/nutbld/lib\libnutdev.a(ihndlr.o)
NutIrqSetPriority                                 C:/ethernut-5.1/nutbld/lib\libnutdev.a(ihndlr.o)
NutIrqStatus                                      C:/ethernut-5.1/nutbld/lib\libnutdev.a(ihndlr.o)
NutLoadConfig                                     C:/ethernut-5.1/nutbld/lib\libnutos.a(confos.o)
                                                  C:/ethernut-5.1/nutbld/lib/nutinit.o
NutMicroDelay                                     C:/ethernut-5.1/nutbld/lib\libnutos.a(timer.o)
NutNvMemLoad                                      C:/ethernut-5.1/nutbld/lib\libnutdev.a(nvmem.o)
                                                  C:/ethernut-5.1/nutbld/lib\libnutos.a(confos.o)
NutNvMemSave                                      C:/ethernut-5.1/nutbld/lib\libnutdev.a(nvmem.o)
                                                  C:/ethernut-5.1/nutbld/lib\libnutos.a(confos.o)
NutRegisterIrqHandler                             C:/ethernut-5.1/nutbld/lib\libnutdev.a(ihndlr.o)
                                                  C:/ethernut-5.1/nutbld/lib\libnutarch.a(ostimer.o)
NutRegisterTimer                                  C:/ethernut-5.1/nutbld/lib\libnutarch.a(ostimer.o)
                                                  C:/ethernut-5.1/nutbld/lib\libnutos.a(timer.o)
NutSaveConfig                                     C:/ethernut-5.1/nutbld/lib\libnutos.a(confos.o)
NutSleep                                          C:/ethernut-5.1/nutbld/lib\libnutos.a(timer.o)
                                                  DoubleThreads.o
NutThreadAddPriQueue                              C:/ethernut-5.1/nutbld/lib\libnutos.a(thread.o)
                                                  C:/ethernut-5.1/nutbld/lib\libnutarch.a(context_gcc.o)
                                                  C:/ethernut-5.1/nutbld/lib\libnutos.a(event.o)
NutThreadCreate                                   C:/ethernut-5.1/nutbld/lib\libnutarch.a(context_gcc.o)
                                                  C:/ethernut-5.1/nutbld/lib/nutinit.o
                                                  DoubleThreads.o
NutThreadDestroy                                  C:/ethernut-5.1/nutbld/lib\libnutos.a(thread.o)
                                                  C:/ethernut-5.1/nutbld/lib/nutinit.o
NutThreadExit                                     C:/ethernut-5.1/nutbld/lib\libnutos.a(thread.o)
NutThreadKill                                     C:/ethernut-5.1/nutbld/lib\libnutos.a(thread.o)
NutThreadRemoveQueue                              C:/ethernut-5.1/nutbld/lib\libnutos.a(thread.o)
                                                  C:/ethernut-5.1/nutbld/lib\libnutos.a(event.o)
                                                  C:/ethernut-5.1/nutbld/lib\libnutos.a(timer.o)
NutThreadResume                                   C:/ethernut-5.1/nutbld/lib\libnutos.a(thread.o)
                                                  C:/ethernut-5.1/nutbld/lib\libnutos.a(event.o)
                                                  C:/ethernut-5.1/nutbld/lib\libnutos.a(timer.o)
NutThreadSetPriority                              C:/ethernut-5.1/nutbld/lib\libnutos.a(thread.o)
                                                  C:/ethernut-5.1/nutbld/lib/nutinit.o
                                                  DoubleThreads.o
NutThreadSetSleepMode                             C:/ethernut-5.1/nutbld/lib/nutinit.o
NutThreadStackAvailable                           C:/ethernut-5.1/nutbld/lib\libnutos.a(thread.o)
NutThreadSwitch                                   C:/ethernut-5.1/nutbld/lib\libnutarch.a(context_gcc.o)
                                                  C:/ethernut-5.1/nutbld/lib\libnutos.a(thread.o)
NutThreadWake                                     C:/ethernut-5.1/nutbld/lib\libnutos.a(thread.o)
                                                  C:/ethernut-5.1/nutbld/lib\libnutos.a(timer.o)
NutThreadYield                                    C:/ethernut-5.1/nutbld/lib\libnutos.a(thread.o)
                                                  C:/ethernut-5.1/nutbld/lib\libnutos.a(event.o)
                                                  C:/ethernut-5.1/nutbld/lib\libnutos.a(timer.o)
                                                  C:/ethernut-5.1/nutbld/lib/nutinit.o
                                                  DoubleThreads.o
NutTimerCreate                                    C:/ethernut-5.1/nutbld/lib\libnutos.a(timer.o)
NutTimerInit                                      C:/ethernut-5.1/nutbld/lib\libnutos.a(timer.o)
                                                  C:/ethernut-5.1/nutbld/lib/nutinit.o
NutTimerInsert                                    C:/ethernut-5.1/nutbld/lib\libnutos.a(timer.o)
NutTimerIntr                                      C:/ethernut-5.1/nutbld/lib\libnutos.a(timer.o)
NutTimerMillisToTicks                             C:/ethernut-5.1/nutbld/lib\libnutarch.a(ostimer.o)
                                                  C:/ethernut-5.1/nutbld/lib\libnutos.a(timer.o)
NutTimerProcessElapsed                            C:/ethernut-5.1/nutbld/lib\libnutos.a(timer.o)
                                                  C:/ethernut-5.1/nutbld/lib\libnutos.a(thread.o)
NutTimerStart                                     C:/ethernut-5.1/nutbld/lib\libnutos.a(timer.o)
                                                  C:/ethernut-5.1/nutbld/lib\libnutos.a(event.o)
NutTimerStartTicks                                C:/ethernut-5.1/nutbld/lib\libnutos.a(timer.o)
NutTimerStop                                      C:/ethernut-5.1/nutbld/lib\libnutos.a(timer.o)
                                                  C:/ethernut-5.1/nutbld/lib\libnutos.a(event.o)
OnChipNvMemLoad                                   C:/ethernut-5.1/nutbld/lib\libnutarch.a(eeprom.o)
                                                  C:/ethernut-5.1/nutbld/lib\libnutdev.a(nvmem.o)
OnChipNvMemSave                                   C:/ethernut-5.1/nutbld/lib\libnutarch.a(eeprom.o)
                                                  C:/ethernut-5.1/nutbld/lib\libnutdev.a(nvmem.o)
Thread1                                           DoubleThreads.o
Thread2                                           DoubleThreads.o
TimerTick                                         DoubleThreads.o
__bad_interrupt                                   c:/winavr-20100110/bin/../lib/gcc/avr/4.3.3/../../../../avr/lib/avr51/crtm128.o
__bss_end                                         c:/winavr-20100110/bin/../lib/gcc/avr/4.3.3/avr51\libgcc.a(_clear_bss.o)
__bss_start                                       c:/winavr-20100110/bin/../lib/gcc/avr/4.3.3/avr51\libgcc.a(_clear_bss.o)
__data_end                                        c:/winavr-20100110/bin/../lib/gcc/avr/4.3.3/../../../../avr/lib/avr51/crtm128.o
__data_load_start                                 c:/winavr-20100110/bin/../lib/gcc/avr/4.3.3/../../../../avr/lib/avr51/crtm128.o
__data_start                                      c:/winavr-20100110/bin/../lib/gcc/avr/4.3.3/../../../../avr/lib/avr51/crtm128.o
__do_clear_bss                                    c:/winavr-20100110/bin/../lib/gcc/avr/4.3.3/avr51\libgcc.a(_clear_bss.o)
                                                  C:/ethernut-5.1/nutbld/lib\libnutarch.a(ostimer.o)
                                                  C:/ethernut-5.1/nutbld/lib\libnutcrt.a(errno.o)
                                                  C:/ethernut-5.1/nutbld/lib\libnutos.a(confos.o)
                                                  C:/ethernut-5.1/nutbld/lib\libnutos.a(timer.o)
                                                  C:/ethernut-5.1/nutbld/lib\libnutos.a(thread.o)
                                                  C:/ethernut-5.1/nutbld/lib\libnutos.a(heap.o)
                                                  C:/ethernut-5.1/nutbld/lib/nutinit.o
                                                  DoubleThreads.o
__do_copy_data                                    c:/winavr-20100110/bin/../lib/gcc/avr/4.3.3/../../../../avr/lib/avr51/crtm128.o
                                                  C:/ethernut-5.1/nutbld/lib\libnutarch.a(ih_timer0_comp.o)
                                                  C:/ethernut-5.1/nutbld/lib\libnutcrt.a(putf.o)
                                                  C:/ethernut-5.1/nutbld/lib\libnutos.a(confos.o)
                                                  C:/ethernut-5.1/nutbld/lib\libnutos.a(heap.o)
                                                  C:/ethernut-5.1/nutbld/lib/nutinit.o
                                                  DoubleThreads.o
__eerd_block_m128                                 c:/winavr-20100110/bin/../lib/gcc/avr/4.3.3/../../../../avr/lib/avr51\libc.a(eerd_block_atmega128.o)
                                                  C:/ethernut-5.1/nutbld/lib\libnutarch.a(eeprom.o)
__eerd_blraw_m128                                 c:/winavr-20100110/bin/../lib/gcc/avr/4.3.3/../../../../avr/lib/avr51\libc.a(eerd_block_atmega128.o)
__eerd_byte_m128                                  c:/winavr-20100110/bin/../lib/gcc/avr/4.3.3/../../../../avr/lib/avr51\libc.a(eerd_byte_atmega128.o)
                                                  C:/ethernut-5.1/nutbld/lib\libnutarch.a(eeprom.o)
__eewr_byte_m128                                  c:/winavr-20100110/bin/../lib/gcc/avr/4.3.3/../../../../avr/lib/avr51\libc.a(eewr_byte_atmega128.o)
                                                  C:/ethernut-5.1/nutbld/lib\libnutarch.a(eeprom.o)
__eewr_r18_m128                                   c:/winavr-20100110/bin/../lib/gcc/avr/4.3.3/../../../../avr/lib/avr51\libc.a(eewr_byte_atmega128.o)
__heap_end                                        c:/winavr-20100110/bin/../lib/gcc/avr/4.3.3/../../../../avr/lib/avr51/crtm128.o
__heap_start                                      C:/ethernut-5.1/nutbld/lib/nutinit.o
__init                                            c:/winavr-20100110/bin/../lib/gcc/avr/4.3.3/../../../../avr/lib/avr51/crtm128.o
__mulsi3                                          c:/winavr-20100110/bin/../lib/gcc/avr/4.3.3/avr51\libgcc.a(_mulsi3.o)
                                                  C:/ethernut-5.1/nutbld/lib\libnutos.a(timer.o)
__stack                                           c:/winavr-20100110/bin/../lib/gcc/avr/4.3.3/../../../../avr/lib/avr51/crtm128.o
__udivmodsi4                                      c:/winavr-20100110/bin/../lib/gcc/avr/4.3.3/avr51\libgcc.a(_udivmodsi4.o)
                                                  C:/ethernut-5.1/nutbld/lib\libnutarch.a(ostimer.o)
                                                  C:/ethernut-5.1/nutbld/lib\libnutcrt.a(putf.o)
                                                  C:/ethernut-5.1/nutbld/lib\libnutos.a(timer.o)
__vector_1                                        c:/winavr-20100110/bin/../lib/gcc/avr/4.3.3/../../../../avr/lib/avr51/crtm128.o
__vector_10                                       c:/winavr-20100110/bin/../lib/gcc/avr/4.3.3/../../../../avr/lib/avr51/crtm128.o
__vector_11                                       c:/winavr-20100110/bin/../lib/gcc/avr/4.3.3/../../../../avr/lib/avr51/crtm128.o
__vector_12                                       c:/winavr-20100110/bin/../lib/gcc/avr/4.3.3/../../../../avr/lib/avr51/crtm128.o
__vector_13                                       c:/winavr-20100110/bin/../lib/gcc/avr/4.3.3/../../../../avr/lib/avr51/crtm128.o
__vector_14                                       c:/winavr-20100110/bin/../lib/gcc/avr/4.3.3/../../../../avr/lib/avr51/crtm128.o
__vector_15                                       C:/ethernut-5.1/nutbld/lib\libnutarch.a(ih_timer0_comp.o)
                                                  c:/winavr-20100110/bin/../lib/gcc/avr/4.3.3/../../../../avr/lib/avr51/crtm128.o
__vector_16                                       c:/winavr-20100110/bin/../lib/gcc/avr/4.3.3/../../../../avr/lib/avr51/crtm128.o
__vector_17                                       c:/winavr-20100110/bin/../lib/gcc/avr/4.3.3/../../../../avr/lib/avr51/crtm128.o
__vector_18                                       c:/winavr-20100110/bin/../lib/gcc/avr/4.3.3/../../../../avr/lib/avr51/crtm128.o
__vector_19                                       c:/winavr-20100110/bin/../lib/gcc/avr/4.3.3/../../../../avr/lib/avr51/crtm128.o
__vector_2                                        c:/winavr-20100110/bin/../lib/gcc/avr/4.3.3/../../../../avr/lib/avr51/crtm128.o
__vector_20                                       c:/winavr-20100110/bin/../lib/gcc/avr/4.3.3/../../../../avr/lib/avr51/crtm128.o
__vector_21                                       c:/winavr-20100110/bin/../lib/gcc/avr/4.3.3/../../../../avr/lib/avr51/crtm128.o
__vector_22                                       c:/winavr-20100110/bin/../lib/gcc/avr/4.3.3/../../../../avr/lib/avr51/crtm128.o
__vector_23                                       c:/winavr-20100110/bin/../lib/gcc/avr/4.3.3/../../../../avr/lib/avr51/crtm128.o
__vector_24                                       c:/winavr-20100110/bin/../lib/gcc/avr/4.3.3/../../../../avr/lib/avr51/crtm128.o
__vector_25                                       c:/winavr-20100110/bin/../lib/gcc/avr/4.3.3/../../../../avr/lib/avr51/crtm128.o
__vector_26                                       c:/winavr-20100110/bin/../lib/gcc/avr/4.3.3/../../../../avr/lib/avr51/crtm128.o
__vector_27                                       c:/winavr-20100110/bin/../lib/gcc/avr/4.3.3/../../../../avr/lib/avr51/crtm128.o
__vector_28                                       c:/winavr-20100110/bin/../lib/gcc/avr/4.3.3/../../../../avr/lib/avr51/crtm128.o
__vector_29                                       c:/winavr-20100110/bin/../lib/gcc/avr/4.3.3/../../../../avr/lib/avr51/crtm128.o
__vector_3                                        c:/winavr-20100110/bin/../lib/gcc/avr/4.3.3/../../../../avr/lib/avr51/crtm128.o
__vector_30                                       c:/winavr-20100110/bin/../lib/gcc/avr/4.3.3/../../../../avr/lib/avr51/crtm128.o
__vector_31                                       c:/winavr-20100110/bin/../lib/gcc/avr/4.3.3/../../../../avr/lib/avr51/crtm128.o
__vector_32                                       c:/winavr-20100110/bin/../lib/gcc/avr/4.3.3/../../../../avr/lib/avr51/crtm128.o
__vector_33                                       c:/winavr-20100110/bin/../lib/gcc/avr/4.3.3/../../../../avr/lib/avr51/crtm128.o
__vector_34                                       c:/winavr-20100110/bin/../lib/gcc/avr/4.3.3/../../../../avr/lib/avr51/crtm128.o
__vector_4                                        c:/winavr-20100110/bin/../lib/gcc/avr/4.3.3/../../../../avr/lib/avr51/crtm128.o
__vector_5                                        c:/winavr-20100110/bin/../lib/gcc/avr/4.3.3/../../../../avr/lib/avr51/crtm128.o
__vector_6                                        c:/winavr-20100110/bin/../lib/gcc/avr/4.3.3/../../../../avr/lib/avr51/crtm128.o
__vector_7                                        c:/winavr-20100110/bin/../lib/gcc/avr/4.3.3/../../../../avr/lib/avr51/crtm128.o
__vector_8                                        c:/winavr-20100110/bin/../lib/gcc/avr/4.3.3/../../../../avr/lib/avr51/crtm128.o
__vector_9                                        c:/winavr-20100110/bin/../lib/gcc/avr/4.3.3/../../../../avr/lib/avr51/crtm128.o
__vector_default                                  c:/winavr-20100110/bin/../lib/gcc/avr/4.3.3/../../../../avr/lib/avr51/crtm128.o
__vectors                                         c:/winavr-20100110/bin/../lib/gcc/avr/4.3.3/../../../../avr/lib/avr51/crtm128.o
_exit                                             c:/winavr-20100110/bin/../lib/gcc/avr/4.3.3/avr51\libgcc.a(_exit.o)
_putf                                             C:/ethernut-5.1/nutbld/lib\libnutcrt.a(putf.o)
                                                  C:/ethernut-5.1/nutbld/lib\libnutcrt.a(vfprintf.o)
_write                                            C:/ethernut-5.1/nutbld/lib\libnutcrt.a(write.o)
                                                  C:/ethernut-5.1/nutbld/lib\libnutcrt.a(vfprintf.o)
confos                                            C:/ethernut-5.1/nutbld/lib\libnutos.a(confos.o)
errno                                             C:/ethernut-5.1/nutbld/lib\libnutcrt.a(errno.o)
                                                  C:/ethernut-5.1/nutbld/lib\libnutcrt.a(malloc.o)
exit                                              c:/winavr-20100110/bin/../lib/gcc/avr/4.3.3/avr51\libgcc.a(_exit.o)
                                                  c:/winavr-20100110/bin/../lib/gcc/avr/4.3.3/../../../../avr/lib/avr51/crtm128.o
fprintf                                           C:/ethernut-5.1/nutbld/lib\libnutcrt.a(fprintf.o)
                                                  C:/ethernut-5.1/nutbld/lib\libnutos.a(heap.o)
free                                              C:/ethernut-5.1/nutbld/lib\libnutcrt.a(malloc.o)
                                                  C:/ethernut-5.1/nutbld/lib\libnutcrt.a(putf.o)
heapFreeList                                      C:/ethernut-5.1/nutbld/lib\libnutarch.a(context_gcc.o)
                                                  C:/ethernut-5.1/nutbld/lib\libnutcrt.a(malloc.o)
                                                  C:/ethernut-5.1/nutbld/lib\libnutos.a(timer.o)
                                                  C:/ethernut-5.1/nutbld/lib\libnutos.a(thread.o)
                                                  C:/ethernut-5.1/nutbld/lib\libnutos.a(heap.o)
                                                  C:/ethernut-5.1/nutbld/lib/nutinit.o
idle_sleep_mode                                   C:/ethernut-5.1/nutbld/lib/nutinit.o
killedThread                                      C:/ethernut-5.1/nutbld/lib\libnutos.a(thread.o)
main                                              c:/winavr-20100110/bin/../lib/gcc/avr/4.3.3/../../../../avr/lib/avr51/crtm128.o
malloc                                            C:/ethernut-5.1/nutbld/lib\libnutcrt.a(malloc.o)
                                                  C:/ethernut-5.1/nutbld/lib\libnutcrt.a(putf.o)
memchr                                            c:/winavr-20100110/bin/../lib/gcc/avr/4.3.3/../../../../avr/lib/avr51\libc.a(memchr.o)
                                                  C:/ethernut-5.1/nutbld/lib\libnutcrt.a(putf.o)
memcmp                                            c:/winavr-20100110/bin/../lib/gcc/avr/4.3.3/../../../../avr/lib/avr51\libc.a(memcmp.o)
                                                  C:/ethernut-5.1/nutbld/lib\libnutos.a(confos.o)
memcpy                                            c:/winavr-20100110/bin/../lib/gcc/avr/4.3.3/../../../../avr/lib/avr51\libc.a(memcpy.o)
                                                  C:/ethernut-5.1/nutbld/lib\libnutos.a(heap.o)
memset                                            c:/winavr-20100110/bin/../lib/gcc/avr/4.3.3/../../../../avr/lib/avr51\libc.a(memset.o)
                                                  C:/ethernut-5.1/nutbld/lib\libnutos.a(heap.o)
ms62_5                                            C:/ethernut-5.1/nutbld/lib/nutinit.o
nutThreadList                                     C:/ethernut-5.1/nutbld/lib\libnutarch.a(context_gcc.o)
                                                  C:/ethernut-5.1/nutbld/lib\libnutos.a(thread.o)
nutTimerList                                      C:/ethernut-5.1/nutbld/lib\libnutos.a(timer.o)
nut_ticks                                         C:/ethernut-5.1/nutbld/lib\libnutos.a(timer.o)
runQueue                                          C:/ethernut-5.1/nutbld/lib\libnutarch.a(context_gcc.o)
                                                  C:/ethernut-5.1/nutbld/lib\libnutos.a(event.o)
                                                  C:/ethernut-5.1/nutbld/lib\libnutos.a(timer.o)
                                                  C:/ethernut-5.1/nutbld/lib\libnutos.a(thread.o)
runningThread                                     C:/ethernut-5.1/nutbld/lib\libnutarch.a(context_gcc.o)
                                                  C:/ethernut-5.1/nutbld/lib\libnutos.a(event.o)
                                                  C:/ethernut-5.1/nutbld/lib\libnutos.a(timer.o)
                                                  C:/ethernut-5.1/nutbld/lib\libnutos.a(thread.o)
sig_OUTPUT_COMPARE0                               C:/ethernut-5.1/nutbld/lib\libnutarch.a(ih_timer0_comp.o)
                                                  C:/ethernut-5.1/nutbld/lib\libnutarch.a(ostimer.o)
strcmp                                            c:/winavr-20100110/bin/../lib/gcc/avr/4.3.3/../../../../avr/lib/avr51\libc.a(strcmp.o)
                                                  C:/ethernut-5.1/nutbld/lib\libnutos.a(thread.o)
strcpy                                            c:/winavr-20100110/bin/../lib/gcc/avr/4.3.3/../../../../avr/lib/avr51\libc.a(strcpy.o)
                                                  C:/ethernut-5.1/nutbld/lib\libnutos.a(confos.o)
strcpy_P                                          c:/winavr-20100110/bin/../lib/gcc/avr/4.3.3/../../../../avr/lib/avr51\libc.a(strcpy_P.o)
                                                  C:/ethernut-5.1/nutbld/lib\libnutcrt.a(putf.o)
strlen_P                                          c:/winavr-20100110/bin/../lib/gcc/avr/4.3.3/../../../../avr/lib/avr51\libc.a(strlen_P.o)
                                                  C:/ethernut-5.1/nutbld/lib\libnutcrt.a(putf.o)
thread_start                                      C:/ethernut-5.1/nutbld/lib\libnutarch.a(context_gcc.o)
vfprintf                                          C:/ethernut-5.1/nutbld/lib\libnutcrt.a(vfprintf.o)
                                                  C:/ethernut-5.1/nutbld/lib\libnutcrt.a(fprintf.o)
