Archive member included because of file (symbol)

C:/ethernut-5.1/nutbld/lib\libnutos.a(heap.o)
                              C:/ethernut-5.1/nutbld/lib/nutinit.o (NutHeapRootAdd)
C:/ethernut-5.1/nutbld/lib\libnutos.a(thread.o)
                              C:/ethernut-5.1/nutbld/lib/nutinit.o (NutThreadDestroy)
C:/ethernut-5.1/nutbld/lib\libnutos.a(timer.o)
                              five_thread.o (NutSleep)
C:/ethernut-5.1/nutbld/lib\libnutos.a(event.o)
                              C:/ethernut-5.1/nutbld/lib\libnutos.a(thread.o) (NutEventPostAsync)
C:/ethernut-5.1/nutbld/lib\libnutos.a(devreg.o)
                              five_thread.o (NutRegisterDevice)
C:/ethernut-5.1/nutbld/lib\libnutos.a(confos.o)
                              C:/ethernut-5.1/nutbld/lib/nutinit.o (NutLoadConfig)
C:/ethernut-5.1/nutbld/lib\libnutcrt.a(ioctl.o)
                              five_thread.o (_ioctl)
C:/ethernut-5.1/nutbld/lib\libnutcrt.a(read.o)
                              five_thread.o (_read)
C:/ethernut-5.1/nutbld/lib\libnutcrt.a(write.o)
                              five_thread.o (_write)
C:/ethernut-5.1/nutbld/lib\libnutcrt.a(write_p.o)
                              five_thread.o (_write_P)
C:/ethernut-5.1/nutbld/lib\libnutcrt.a(fflush.o)
                              five_thread.o (fflush)
C:/ethernut-5.1/nutbld/lib\libnutcrt.a(fileno.o)
                              five_thread.o (_fileno)
C:/ethernut-5.1/nutbld/lib\libnutcrt.a(fopen.o)
                              five_thread.o (fopen)
C:/ethernut-5.1/nutbld/lib\libnutcrt.a(fgets.o)
                              five_thread.o (fgets)
C:/ethernut-5.1/nutbld/lib\libnutcrt.a(fprintf.o)
                              five_thread.o (fprintf)
C:/ethernut-5.1/nutbld/lib\libnutcrt.a(fputs.o)
                              five_thread.o (fputs)
C:/ethernut-5.1/nutbld/lib\libnutcrt.a(vfprintf.o)
                              C:/ethernut-5.1/nutbld/lib\libnutcrt.a(fprintf.o) (vfprintf)
C:/ethernut-5.1/nutbld/lib\libnutcrt.a(fputs_p.o)
                              five_thread.o (fputs_P)
C:/ethernut-5.1/nutbld/lib\libnutcrt.a(errno.o)
                              C:/ethernut-5.1/nutbld/lib\libnutcrt.a(fopen.o) (errno)
C:/ethernut-5.1/nutbld/lib\libnutcrt.a(malloc.o)
                              C:/ethernut-5.1/nutbld/lib\libnutcrt.a(fopen.o) (free)
C:/ethernut-5.1/nutbld/lib\libnutcrt.a(open.o)
                              C:/ethernut-5.1/nutbld/lib\libnutcrt.a(fopen.o) (_open)
C:/ethernut-5.1/nutbld/lib\libnutcrt.a(putf.o)
                              C:/ethernut-5.1/nutbld/lib\libnutcrt.a(vfprintf.o) (_putf)
C:/ethernut-5.1/nutbld/lib\libnutcrt.a(fmode.o)
                              C:/ethernut-5.1/nutbld/lib\libnutcrt.a(fopen.o) (_fmode)
C:/ethernut-5.1/nutbld/lib\libnutcrt.a(fgetc.o)
                              C:/ethernut-5.1/nutbld/lib\libnutcrt.a(fgets.o) (fgetc)
C:/ethernut-5.1/nutbld/lib\libnutdev.a(nvmem.o)
                              C:/ethernut-5.1/nutbld/lib\libnutos.a(confos.o) (NutNvMemSave)
C:/ethernut-5.1/nutbld/lib\libnutarch.a(ethernut1.o)
                              C:/ethernut-5.1/nutbld/lib/nutinit.o (NutBoardInit)
C:/ethernut-5.1/nutbld/lib\libnutarch.a(context_gcc.o)
                              C:/ethernut-5.1/nutbld/lib\libnutos.a(thread.o) (NutThreadSwitch)
C:/ethernut-5.1/nutbld/lib\libnutarch.a(ostimer.o)
                              C:/ethernut-5.1/nutbld/lib\libnutos.a(timer.o) (NutArchClockGet)
C:/ethernut-5.1/nutbld/lib\libnutarch.a(ih_timer0_comp.o)
                              C:/ethernut-5.1/nutbld/lib\libnutarch.a(ostimer.o) (sig_OUTPUT_COMPARE0)
C:/ethernut-5.1/nutbld/lib\libnutarch.a(debug0.o)
                              five_thread.o (devDebug0)
C:/ethernut-5.1/nutbld/lib\libnutarch.a(eeprom.o)
                              C:/ethernut-5.1/nutbld/lib\libnutdev.a(nvmem.o) (OnChipNvMemSave)
C:/ethernut-5.1/nutbld/lib\libnutdev.a(ihndlr.o)
                              C:/ethernut-5.1/nutbld/lib\libnutarch.a(ih_timer0_comp.o) (CallHandler)
c:/winavr-20100110/bin/../lib/gcc/avr/4.3.3/avr51\libgcc.a(_mulsi3.o)
                              C:/ethernut-5.1/nutbld/lib\libnutos.a(timer.o) (__mulsi3)
c:/winavr-20100110/bin/../lib/gcc/avr/4.3.3/avr51\libgcc.a(_udivmodsi4.o)
                              C:/ethernut-5.1/nutbld/lib\libnutos.a(timer.o) (__udivmodsi4)
c:/winavr-20100110/bin/../lib/gcc/avr/4.3.3/avr51\libgcc.a(_exit.o)
                              c:/winavr-20100110/bin/../lib/gcc/avr/4.3.3/../../../../avr/lib/avr51/crtm128.o (exit)
c:/winavr-20100110/bin/../lib/gcc/avr/4.3.3/avr51\libgcc.a(_clear_bss.o)
                              five_thread.o (__do_clear_bss)
c:/winavr-20100110/bin/../lib/gcc/avr/4.3.3/../../../../avr/lib/avr51\libc.a(strcpy_P.o)
                              C:/ethernut-5.1/nutbld/lib\libnutcrt.a(putf.o) (strcpy_P)
c:/winavr-20100110/bin/../lib/gcc/avr/4.3.3/../../../../avr/lib/avr51\libc.a(strlen_P.o)
                              C:/ethernut-5.1/nutbld/lib\libnutcrt.a(fputs_p.o) (strlen_P)
c:/winavr-20100110/bin/../lib/gcc/avr/4.3.3/../../../../avr/lib/avr51\libc.a(memchr.o)
                              C:/ethernut-5.1/nutbld/lib\libnutcrt.a(putf.o) (memchr)
c:/winavr-20100110/bin/../lib/gcc/avr/4.3.3/../../../../avr/lib/avr51\libc.a(memcmp.o)
                              C:/ethernut-5.1/nutbld/lib\libnutos.a(confos.o) (memcmp)
c:/winavr-20100110/bin/../lib/gcc/avr/4.3.3/../../../../avr/lib/avr51\libc.a(memcpy.o)
                              C:/ethernut-5.1/nutbld/lib\libnutos.a(heap.o) (memcpy)
c:/winavr-20100110/bin/../lib/gcc/avr/4.3.3/../../../../avr/lib/avr51\libc.a(memset.o)
                              C:/ethernut-5.1/nutbld/lib\libnutos.a(heap.o) (memset)
c:/winavr-20100110/bin/../lib/gcc/avr/4.3.3/../../../../avr/lib/avr51\libc.a(strchr.o)
                              five_thread.o (strchr)
c:/winavr-20100110/bin/../lib/gcc/avr/4.3.3/../../../../avr/lib/avr51\libc.a(strcmp.o)
                              C:/ethernut-5.1/nutbld/lib\libnutos.a(thread.o) (strcmp)
c:/winavr-20100110/bin/../lib/gcc/avr/4.3.3/../../../../avr/lib/avr51\libc.a(strcpy.o)
                              C:/ethernut-5.1/nutbld/lib\libnutos.a(confos.o) (strcpy)
c:/winavr-20100110/bin/../lib/gcc/avr/4.3.3/../../../../avr/lib/avr51\libc.a(eerd_block_atmega128.o)
                              C:/ethernut-5.1/nutbld/lib\libnutarch.a(eeprom.o) (__eerd_block_m128)
c:/winavr-20100110/bin/../lib/gcc/avr/4.3.3/../../../../avr/lib/avr51\libc.a(eerd_byte_atmega128.o)
                              C:/ethernut-5.1/nutbld/lib\libnutarch.a(eeprom.o) (__eerd_byte_m128)
c:/winavr-20100110/bin/../lib/gcc/avr/4.3.3/../../../../avr/lib/avr51\libc.a(eewr_byte_atmega128.o)
                              C:/ethernut-5.1/nutbld/lib\libnutarch.a(eeprom.o) (__eewr_byte_m128)

Allocating common symbols
Common symbol       size              file

cp                  0x2               five_thread.o
errno               0x2               C:/ethernut-5.1/nutbld/lib\libnutcrt.a(errno.o)
heapFreeList        0x2               C:/ethernut-5.1/nutbld/lib\libnutos.a(heap.o)
nutTimerList        0x2               C:/ethernut-5.1/nutbld/lib\libnutos.a(timer.o)
confos              0x13              C:/ethernut-5.1/nutbld/lib\libnutos.a(confos.o)
nutThreadList       0x2               C:/ethernut-5.1/nutbld/lib\libnutos.a(thread.o)
runQueue            0x2               C:/ethernut-5.1/nutbld/lib\libnutos.a(thread.o)
nut_ticks           0x4               C:/ethernut-5.1/nutbld/lib\libnutos.a(timer.o)
runningThread       0x2               C:/ethernut-5.1/nutbld/lib\libnutos.a(thread.o)
killedThread        0x2               C:/ethernut-5.1/nutbld/lib\libnutos.a(thread.o)
got                 0x2               five_thread.o
uart                0x2               five_thread.o

Discarded input sections

 .data          0x00000000        0x0 c:/winavr-20100110/bin/../lib/gcc/avr/4.3.3/../../../../avr/lib/avr51/crtm128.o
 .bss           0x00000000        0x0 c:/winavr-20100110/bin/../lib/gcc/avr/4.3.3/../../../../avr/lib/avr51/crtm128.o
 .text          0x00000000        0x0 five_thread.o
 .text.TimerTick
                0x00000000        0x0 five_thread.o
 .text          0x00000000        0x0 C:/ethernut-5.1/nutbld/lib/nutinit.o
 .bss           0x00000000        0x0 C:/ethernut-5.1/nutbld/lib/nutinit.o
 .text.NutThreadSetSleepMode
                0x00000000        0x0 C:/ethernut-5.1/nutbld/lib/nutinit.o
 .text          0x00000000        0x0 C:/ethernut-5.1/nutbld/lib\libnutos.a(heap.o)
 .data          0x00000000        0x0 C:/ethernut-5.1/nutbld/lib\libnutos.a(heap.o)
 .bss           0x00000000        0x0 C:/ethernut-5.1/nutbld/lib\libnutos.a(heap.o)
 .text.NutHeapRootAvailable
                0x00000000        0x0 C:/ethernut-5.1/nutbld/lib\libnutos.a(heap.o)
 .text.NutHeapRootRegionAvailable
                0x00000000        0x0 C:/ethernut-5.1/nutbld/lib\libnutos.a(heap.o)
 .text.NutHeapCheck
                0x00000000        0x0 C:/ethernut-5.1/nutbld/lib\libnutos.a(heap.o)
 .text.NutHeapDump
                0x00000000        0x0 C:/ethernut-5.1/nutbld/lib\libnutos.a(heap.o)
 .text.NutHeapRootRealloc
                0x00000000        0x0 C:/ethernut-5.1/nutbld/lib\libnutos.a(heap.o)
 .text.NutHeapRootAllocClear
                0x00000000        0x0 C:/ethernut-5.1/nutbld/lib\libnutos.a(heap.o)
 .text          0x00000000        0x0 C:/ethernut-5.1/nutbld/lib\libnutos.a(thread.o)
 .data          0x00000000        0x0 C:/ethernut-5.1/nutbld/lib\libnutos.a(thread.o)
 .bss           0x00000000        0x0 C:/ethernut-5.1/nutbld/lib\libnutos.a(thread.o)
 .text.GetThreadByName
                0x00000000        0x0 C:/ethernut-5.1/nutbld/lib\libnutos.a(thread.o)
 .text.NutThreadStackAvailable
                0x00000000        0x0 C:/ethernut-5.1/nutbld/lib\libnutos.a(thread.o)
 .text.NutThreadExit
                0x00000000        0x0 C:/ethernut-5.1/nutbld/lib\libnutos.a(thread.o)
 .text          0x00000000        0x0 C:/ethernut-5.1/nutbld/lib\libnutos.a(timer.o)
 .data          0x00000000        0x0 C:/ethernut-5.1/nutbld/lib\libnutos.a(timer.o)
 .text.NutGetTickCount
                0x00000000        0x0 C:/ethernut-5.1/nutbld/lib\libnutos.a(timer.o)
 .text.NutMicroDelay
                0x00000000        0x0 C:/ethernut-5.1/nutbld/lib\libnutos.a(timer.o)
 .text.NutDelay
                0x00000000        0x0 C:/ethernut-5.1/nutbld/lib\libnutos.a(timer.o)
 .text.NutClockSet
                0x00000000        0x0 C:/ethernut-5.1/nutbld/lib\libnutos.a(timer.o)
 .text.NutGetMillis
                0x00000000        0x0 C:/ethernut-5.1/nutbld/lib\libnutos.a(timer.o)
 .text.NutGetSeconds
                0x00000000        0x0 C:/ethernut-5.1/nutbld/lib\libnutos.a(timer.o)
 .text          0x00000000        0x0 C:/ethernut-5.1/nutbld/lib\libnutos.a(event.o)
 .data          0x00000000        0x0 C:/ethernut-5.1/nutbld/lib\libnutos.a(event.o)
 .bss           0x00000000        0x0 C:/ethernut-5.1/nutbld/lib\libnutos.a(event.o)
 .text.NutEventBroadcastAsync
                0x00000000        0x0 C:/ethernut-5.1/nutbld/lib\libnutos.a(event.o)
 .text.NutEventBroadcast
                0x00000000        0x0 C:/ethernut-5.1/nutbld/lib\libnutos.a(event.o)
 .text.NutEventPost
                0x00000000        0x0 C:/ethernut-5.1/nutbld/lib\libnutos.a(event.o)
 .text.NutEventTimeout
                0x00000000        0x0 C:/ethernut-5.1/nutbld/lib\libnutos.a(event.o)
 .text.NutEventWait
                0x00000000        0x0 C:/ethernut-5.1/nutbld/lib\libnutos.a(event.o)
 .text.NutEventWaitNext
                0x00000000        0x0 C:/ethernut-5.1/nutbld/lib\libnutos.a(event.o)
 .text          0x00000000        0x0 C:/ethernut-5.1/nutbld/lib\libnutos.a(devreg.o)
 .data          0x00000000        0x0 C:/ethernut-5.1/nutbld/lib\libnutos.a(devreg.o)
 .text.NutDeviceLookupType
                0x00000000        0x0 C:/ethernut-5.1/nutbld/lib\libnutos.a(devreg.o)
 .text          0x00000000        0x0 C:/ethernut-5.1/nutbld/lib\libnutos.a(confos.o)
 .bss           0x00000000        0x0 C:/ethernut-5.1/nutbld/lib\libnutos.a(confos.o)
 .text.NutSaveConfig
                0x00000000        0x0 C:/ethernut-5.1/nutbld/lib\libnutos.a(confos.o)
 .text          0x00000000        0x0 C:/ethernut-5.1/nutbld/lib\libnutcrt.a(ioctl.o)
 .data          0x00000000        0x0 C:/ethernut-5.1/nutbld/lib\libnutcrt.a(ioctl.o)
 .bss           0x00000000        0x0 C:/ethernut-5.1/nutbld/lib\libnutcrt.a(ioctl.o)
 .text          0x00000000        0x0 C:/ethernut-5.1/nutbld/lib\libnutcrt.a(read.o)
 .data          0x00000000        0x0 C:/ethernut-5.1/nutbld/lib\libnutcrt.a(read.o)
 .bss           0x00000000        0x0 C:/ethernut-5.1/nutbld/lib\libnutcrt.a(read.o)
 .text          0x00000000        0x0 C:/ethernut-5.1/nutbld/lib\libnutcrt.a(write.o)
 .data          0x00000000        0x0 C:/ethernut-5.1/nutbld/lib\libnutcrt.a(write.o)
 .bss           0x00000000        0x0 C:/ethernut-5.1/nutbld/lib\libnutcrt.a(write.o)
 .text          0x00000000        0x0 C:/ethernut-5.1/nutbld/lib\libnutcrt.a(write_p.o)
 .data          0x00000000        0x0 C:/ethernut-5.1/nutbld/lib\libnutcrt.a(write_p.o)
 .bss           0x00000000        0x0 C:/ethernut-5.1/nutbld/lib\libnutcrt.a(write_p.o)
 .text          0x00000000        0x0 C:/ethernut-5.1/nutbld/lib\libnutcrt.a(fflush.o)
 .data          0x00000000        0x0 C:/ethernut-5.1/nutbld/lib\libnutcrt.a(fflush.o)
 .bss           0x00000000        0x0 C:/ethernut-5.1/nutbld/lib\libnutcrt.a(fflush.o)
 .text          0x00000000        0x0 C:/ethernut-5.1/nutbld/lib\libnutcrt.a(fileno.o)
 .data          0x00000000        0x0 C:/ethernut-5.1/nutbld/lib\libnutcrt.a(fileno.o)
 .bss           0x00000000        0x0 C:/ethernut-5.1/nutbld/lib\libnutcrt.a(fileno.o)
 .text          0x00000000        0x0 C:/ethernut-5.1/nutbld/lib\libnutcrt.a(fopen.o)
 .bss           0x00000000        0x0 C:/ethernut-5.1/nutbld/lib\libnutcrt.a(fopen.o)
 .text          0x00000000        0x0 C:/ethernut-5.1/nutbld/lib\libnutcrt.a(fgets.o)
 .data          0x00000000        0x0 C:/ethernut-5.1/nutbld/lib\libnutcrt.a(fgets.o)
 .bss           0x00000000        0x0 C:/ethernut-5.1/nutbld/lib\libnutcrt.a(fgets.o)
 .text          0x00000000        0x0 C:/ethernut-5.1/nutbld/lib\libnutcrt.a(fprintf.o)
 .data          0x00000000        0x0 C:/ethernut-5.1/nutbld/lib\libnutcrt.a(fprintf.o)
 .bss           0x00000000        0x0 C:/ethernut-5.1/nutbld/lib\libnutcrt.a(fprintf.o)
 .text          0x00000000        0x0 C:/ethernut-5.1/nutbld/lib\libnutcrt.a(fputs.o)
 .data          0x00000000        0x0 C:/ethernut-5.1/nutbld/lib\libnutcrt.a(fputs.o)
 .bss           0x00000000        0x0 C:/ethernut-5.1/nutbld/lib\libnutcrt.a(fputs.o)
 .text          0x00000000        0x0 C:/ethernut-5.1/nutbld/lib\libnutcrt.a(vfprintf.o)
 .data          0x00000000        0x0 C:/ethernut-5.1/nutbld/lib\libnutcrt.a(vfprintf.o)
 .bss           0x00000000        0x0 C:/ethernut-5.1/nutbld/lib\libnutcrt.a(vfprintf.o)
 .text          0x00000000        0x0 C:/ethernut-5.1/nutbld/lib\libnutcrt.a(fputs_p.o)
 .data          0x00000000        0x0 C:/ethernut-5.1/nutbld/lib\libnutcrt.a(fputs_p.o)
 .bss           0x00000000        0x0 C:/ethernut-5.1/nutbld/lib\libnutcrt.a(fputs_p.o)
 .text          0x00000000        0x0 C:/ethernut-5.1/nutbld/lib\libnutcrt.a(errno.o)
 .data          0x00000000        0x0 C:/ethernut-5.1/nutbld/lib\libnutcrt.a(errno.o)
 .bss           0x00000000        0x0 C:/ethernut-5.1/nutbld/lib\libnutcrt.a(errno.o)
 .text          0x00000000        0x0 C:/ethernut-5.1/nutbld/lib\libnutcrt.a(malloc.o)
 .data          0x00000000        0x0 C:/ethernut-5.1/nutbld/lib\libnutcrt.a(malloc.o)
 .bss           0x00000000        0x0 C:/ethernut-5.1/nutbld/lib\libnutcrt.a(malloc.o)
 .text          0x00000000        0x0 C:/ethernut-5.1/nutbld/lib\libnutcrt.a(open.o)
 .data          0x00000000        0x0 C:/ethernut-5.1/nutbld/lib\libnutcrt.a(open.o)
 .bss           0x00000000        0x0 C:/ethernut-5.1/nutbld/lib\libnutcrt.a(open.o)
 .text          0x00000000        0x0 C:/ethernut-5.1/nutbld/lib\libnutcrt.a(putf.o)
 .bss           0x00000000        0x0 C:/ethernut-5.1/nutbld/lib\libnutcrt.a(putf.o)
 .text          0x00000000        0x0 C:/ethernut-5.1/nutbld/lib\libnutcrt.a(fmode.o)
 .data          0x00000000        0x0 C:/ethernut-5.1/nutbld/lib\libnutcrt.a(fmode.o)
 .bss           0x00000000        0x0 C:/ethernut-5.1/nutbld/lib\libnutcrt.a(fmode.o)
 .text          0x00000000        0x0 C:/ethernut-5.1/nutbld/lib\libnutcrt.a(fgetc.o)
 .data          0x00000000        0x0 C:/ethernut-5.1/nutbld/lib\libnutcrt.a(fgetc.o)
 .bss           0x00000000        0x0 C:/ethernut-5.1/nutbld/lib\libnutcrt.a(fgetc.o)
 .text          0x00000000        0x0 C:/ethernut-5.1/nutbld/lib\libnutdev.a(nvmem.o)
 .data          0x00000000        0x0 C:/ethernut-5.1/nutbld/lib\libnutdev.a(nvmem.o)
 .bss           0x00000000        0x0 C:/ethernut-5.1/nutbld/lib\libnutdev.a(nvmem.o)
 .text.NutNvMemSave
                0x00000000        0x0 C:/ethernut-5.1/nutbld/lib\libnutdev.a(nvmem.o)
 .text          0x00000000        0x0 C:/ethernut-5.1/nutbld/lib\libnutarch.a(ethernut1.o)
 .data          0x00000000        0x0 C:/ethernut-5.1/nutbld/lib\libnutarch.a(ethernut1.o)
 .bss           0x00000000        0x0 C:/ethernut-5.1/nutbld/lib\libnutarch.a(ethernut1.o)
 .text          0x00000000        0x0 C:/ethernut-5.1/nutbld/lib\libnutarch.a(context_gcc.o)
 .data          0x00000000        0x0 C:/ethernut-5.1/nutbld/lib\libnutarch.a(context_gcc.o)
 .bss           0x00000000        0x0 C:/ethernut-5.1/nutbld/lib\libnutarch.a(context_gcc.o)
 .text          0x00000000        0x0 C:/ethernut-5.1/nutbld/lib\libnutarch.a(ostimer.o)
 .data          0x00000000        0x0 C:/ethernut-5.1/nutbld/lib\libnutarch.a(ostimer.o)
 .text.NutGetTickClock
                0x00000000        0x0 C:/ethernut-5.1/nutbld/lib\libnutarch.a(ostimer.o)
 .text          0x00000000        0x0 C:/ethernut-5.1/nutbld/lib\libnutarch.a(ih_timer0_comp.o)
 .bss           0x00000000        0x0 C:/ethernut-5.1/nutbld/lib\libnutarch.a(ih_timer0_comp.o)
 .text          0x00000000        0x0 C:/ethernut-5.1/nutbld/lib\libnutarch.a(debug0.o)
 .text          0x00000000        0x0 C:/ethernut-5.1/nutbld/lib\libnutarch.a(eeprom.o)
 .data          0x00000000        0x0 C:/ethernut-5.1/nutbld/lib\libnutarch.a(eeprom.o)
 .bss           0x00000000        0x0 C:/ethernut-5.1/nutbld/lib\libnutarch.a(eeprom.o)
 .text.OnChipNvMemSave
                0x00000000        0x0 C:/ethernut-5.1/nutbld/lib\libnutarch.a(eeprom.o)
 .text          0x00000000        0x0 C:/ethernut-5.1/nutbld/lib\libnutdev.a(ihndlr.o)
 .data          0x00000000        0x0 C:/ethernut-5.1/nutbld/lib\libnutdev.a(ihndlr.o)
 .bss           0x00000000        0x0 C:/ethernut-5.1/nutbld/lib\libnutdev.a(ihndlr.o)
 .text.NutIrqStatus
                0x00000000        0x0 C:/ethernut-5.1/nutbld/lib\libnutdev.a(ihndlr.o)
 .text.NutIrqEnable
                0x00000000        0x0 C:/ethernut-5.1/nutbld/lib\libnutdev.a(ihndlr.o)
 .text.NutIrqDisable
                0x00000000        0x0 C:/ethernut-5.1/nutbld/lib\libnutdev.a(ihndlr.o)
 .text.NutIrqSetPriority
                0x00000000        0x0 C:/ethernut-5.1/nutbld/lib\libnutdev.a(ihndlr.o)
 .text.NutIrqGetPriority
                0x00000000        0x0 C:/ethernut-5.1/nutbld/lib\libnutdev.a(ihndlr.o)
 .text.NutIrqSetMode
                0x00000000        0x0 C:/ethernut-5.1/nutbld/lib\libnutdev.a(ihndlr.o)
 .text          0x00000000        0x0 c:/winavr-20100110/bin/../lib/gcc/avr/4.3.3/avr51\libgcc.a(_mulsi3.o)
 .data          0x00000000        0x0 c:/winavr-20100110/bin/../lib/gcc/avr/4.3.3/avr51\libgcc.a(_mulsi3.o)
 .bss           0x00000000        0x0 c:/winavr-20100110/bin/../lib/gcc/avr/4.3.3/avr51\libgcc.a(_mulsi3.o)
 .text.libgcc   0x00000000        0x0 c:/winavr-20100110/bin/../lib/gcc/avr/4.3.3/avr51\libgcc.a(_mulsi3.o)
 .text          0x00000000        0x0 c:/winavr-20100110/bin/../lib/gcc/avr/4.3.3/avr51\libgcc.a(_udivmodsi4.o)
 .data          0x00000000        0x0 c:/winavr-20100110/bin/../lib/gcc/avr/4.3.3/avr51\libgcc.a(_udivmodsi4.o)
 .bss           0x00000000        0x0 c:/winavr-20100110/bin/../lib/gcc/avr/4.3.3/avr51\libgcc.a(_udivmodsi4.o)
 .text          0x00000000        0x0 c:/winavr-20100110/bin/../lib/gcc/avr/4.3.3/avr51\libgcc.a(_exit.o)
 .data          0x00000000        0x0 c:/winavr-20100110/bin/../lib/gcc/avr/4.3.3/avr51\libgcc.a(_exit.o)
 .bss           0x00000000        0x0 c:/winavr-20100110/bin/../lib/gcc/avr/4.3.3/avr51\libgcc.a(_exit.o)
 .text.libgcc   0x00000000        0x0 c:/winavr-20100110/bin/../lib/gcc/avr/4.3.3/avr51\libgcc.a(_exit.o)
 .text          0x00000000        0x0 c:/winavr-20100110/bin/../lib/gcc/avr/4.3.3/avr51\libgcc.a(_clear_bss.o)
 .data          0x00000000        0x0 c:/winavr-20100110/bin/../lib/gcc/avr/4.3.3/avr51\libgcc.a(_clear_bss.o)
 .bss           0x00000000        0x0 c:/winavr-20100110/bin/../lib/gcc/avr/4.3.3/avr51\libgcc.a(_clear_bss.o)
 .text.libgcc   0x00000000        0x0 c:/winavr-20100110/bin/../lib/gcc/avr/4.3.3/avr51\libgcc.a(_clear_bss.o)
 .text          0x00000000        0x0 c:/winavr-20100110/bin/../lib/gcc/avr/4.3.3/../../../../avr/lib/avr51\libc.a(strcpy_P.o)
 .data          0x00000000        0x0 c:/winavr-20100110/bin/../lib/gcc/avr/4.3.3/../../../../avr/lib/avr51\libc.a(strcpy_P.o)
 .bss           0x00000000        0x0 c:/winavr-20100110/bin/../lib/gcc/avr/4.3.3/../../../../avr/lib/avr51\libc.a(strcpy_P.o)
 .text          0x00000000        0x0 c:/winavr-20100110/bin/../lib/gcc/avr/4.3.3/../../../../avr/lib/avr51\libc.a(strlen_P.o)
 .data          0x00000000        0x0 c:/winavr-20100110/bin/../lib/gcc/avr/4.3.3/../../../../avr/lib/avr51\libc.a(strlen_P.o)
 .bss           0x00000000        0x0 c:/winavr-20100110/bin/../lib/gcc/avr/4.3.3/../../../../avr/lib/avr51\libc.a(strlen_P.o)
 .text          0x00000000        0x0 c:/winavr-20100110/bin/../lib/gcc/avr/4.3.3/../../../../avr/lib/avr51\libc.a(memchr.o)
 .data          0x00000000        0x0 c:/winavr-20100110/bin/../lib/gcc/avr/4.3.3/../../../../avr/lib/avr51\libc.a(memchr.o)
 .bss           0x00000000        0x0 c:/winavr-20100110/bin/../lib/gcc/avr/4.3.3/../../../../avr/lib/avr51\libc.a(memchr.o)
 .text          0x00000000        0x0 c:/winavr-20100110/bin/../lib/gcc/avr/4.3.3/../../../../avr/lib/avr51\libc.a(memcmp.o)
 .data          0x00000000        0x0 c:/winavr-20100110/bin/../lib/gcc/avr/4.3.3/../../../../avr/lib/avr51\libc.a(memcmp.o)
 .bss           0x00000000        0x0 c:/winavr-20100110/bin/../lib/gcc/avr/4.3.3/../../../../avr/lib/avr51\libc.a(memcmp.o)
 .text          0x00000000        0x0 c:/winavr-20100110/bin/../lib/gcc/avr/4.3.3/../../../../avr/lib/avr51\libc.a(memcpy.o)
 .data          0x00000000        0x0 c:/winavr-20100110/bin/../lib/gcc/avr/4.3.3/../../../../avr/lib/avr51\libc.a(memcpy.o)
 .bss           0x00000000        0x0 c:/winavr-20100110/bin/../lib/gcc/avr/4.3.3/../../../../avr/lib/avr51\libc.a(memcpy.o)
 .text.avr-libc
                0x00000000        0x0 c:/winavr-20100110/bin/../lib/gcc/avr/4.3.3/../../../../avr/lib/avr51\libc.a(memcpy.o)
 .text          0x00000000        0x0 c:/winavr-20100110/bin/../lib/gcc/avr/4.3.3/../../../../avr/lib/avr51\libc.a(memset.o)
 .data          0x00000000        0x0 c:/winavr-20100110/bin/../lib/gcc/avr/4.3.3/../../../../avr/lib/avr51\libc.a(memset.o)
 .bss           0x00000000        0x0 c:/winavr-20100110/bin/../lib/gcc/avr/4.3.3/../../../../avr/lib/avr51\libc.a(memset.o)
 .text.avr-libc
                0x00000000        0x0 c:/winavr-20100110/bin/../lib/gcc/avr/4.3.3/../../../../avr/lib/avr51\libc.a(memset.o)
 .text          0x00000000        0x0 c:/winavr-20100110/bin/../lib/gcc/avr/4.3.3/../../../../avr/lib/avr51\libc.a(strchr.o)
 .data          0x00000000        0x0 c:/winavr-20100110/bin/../lib/gcc/avr/4.3.3/../../../../avr/lib/avr51\libc.a(strchr.o)
 .bss           0x00000000        0x0 c:/winavr-20100110/bin/../lib/gcc/avr/4.3.3/../../../../avr/lib/avr51\libc.a(strchr.o)
 .text          0x00000000        0x0 c:/winavr-20100110/bin/../lib/gcc/avr/4.3.3/../../../../avr/lib/avr51\libc.a(strcmp.o)
 .data          0x00000000        0x0 c:/winavr-20100110/bin/../lib/gcc/avr/4.3.3/../../../../avr/lib/avr51\libc.a(strcmp.o)
 .bss           0x00000000        0x0 c:/winavr-20100110/bin/../lib/gcc/avr/4.3.3/../../../../avr/lib/avr51\libc.a(strcmp.o)
 .text          0x00000000        0x0 c:/winavr-20100110/bin/../lib/gcc/avr/4.3.3/../../../../avr/lib/avr51\libc.a(strcpy.o)
 .data          0x00000000        0x0 c:/winavr-20100110/bin/../lib/gcc/avr/4.3.3/../../../../avr/lib/avr51\libc.a(strcpy.o)
 .bss           0x00000000        0x0 c:/winavr-20100110/bin/../lib/gcc/avr/4.3.3/../../../../avr/lib/avr51\libc.a(strcpy.o)
 .text          0x00000000        0x0 c:/winavr-20100110/bin/../lib/gcc/avr/4.3.3/../../../../avr/lib/avr51\libc.a(eerd_block_atmega128.o)
 .data          0x00000000        0x0 c:/winavr-20100110/bin/../lib/gcc/avr/4.3.3/../../../../avr/lib/avr51\libc.a(eerd_block_atmega128.o)
 .bss           0x00000000        0x0 c:/winavr-20100110/bin/../lib/gcc/avr/4.3.3/../../../../avr/lib/avr51\libc.a(eerd_block_atmega128.o)
 .text          0x00000000        0x0 c:/winavr-20100110/bin/../lib/gcc/avr/4.3.3/../../../../avr/lib/avr51\libc.a(eerd_byte_atmega128.o)
 .data          0x00000000        0x0 c:/winavr-20100110/bin/../lib/gcc/avr/4.3.3/../../../../avr/lib/avr51\libc.a(eerd_byte_atmega128.o)
 .bss           0x00000000        0x0 c:/winavr-20100110/bin/../lib/gcc/avr/4.3.3/../../../../avr/lib/avr51\libc.a(eerd_byte_atmega128.o)
 .text.avr-libc
                0x00000000        0x0 c:/winavr-20100110/bin/../lib/gcc/avr/4.3.3/../../../../avr/lib/avr51\libc.a(eerd_byte_atmega128.o)
 .text          0x00000000        0x0 c:/winavr-20100110/bin/../lib/gcc/avr/4.3.3/../../../../avr/lib/avr51\libc.a(eewr_byte_atmega128.o)
 .data          0x00000000        0x0 c:/winavr-20100110/bin/../lib/gcc/avr/4.3.3/../../../../avr/lib/avr51\libc.a(eewr_byte_atmega128.o)
 .bss           0x00000000        0x0 c:/winavr-20100110/bin/../lib/gcc/avr/4.3.3/../../../../avr/lib/avr51\libc.a(eewr_byte_atmega128.o)
 .text.avr-libc
                0x00000000        0x0 c:/winavr-20100110/bin/../lib/gcc/avr/4.3.3/../../../../avr/lib/avr51\libc.a(eewr_byte_atmega128.o)

Memory Configuration

Name             Origin             Length             Attributes
text             0x00000000         0x00020000         xr
data             0x00800060         0x0000ffa0         rw !x
eeprom           0x00810000         0x00010000         rw !x
fuse             0x00820000         0x00000400         rw !x
lock             0x00830000         0x00000400         rw !x
signature        0x00840000         0x00000400         rw !x
*default*        0x00000000         0xffffffff

Linker script and memory map

Address of section .data set to 0x800100
LOAD c:/winavr-20100110/bin/../lib/gcc/avr/4.3.3/../../../../avr/lib/avr51/crtm128.o
LOAD five_thread.o
                0x00000000                main = 0x0
START GROUP
LOAD C:/ethernut-5.1/nutbld/lib/nutinit.o
LOAD C:/ethernut-5.1/nutbld/lib\libnutpro.a
LOAD C:/ethernut-5.1/nutbld/lib\libnutnet.a
LOAD C:/ethernut-5.1/nutbld/lib\libnutfs.a
LOAD C:/ethernut-5.1/nutbld/lib\libnutos.a
LOAD C:/ethernut-5.1/nutbld/lib\libnutgorp.a
LOAD C:/ethernut-5.1/nutbld/lib\libnutcrt.a
LOAD C:/ethernut-5.1/nutbld/lib\libnutdev.a
LOAD C:/ethernut-5.1/nutbld/lib\libnutarch.a
END GROUP
LOAD c:/winavr-20100110/bin/../lib/gcc/avr/4.3.3/avr51\libgcc.a
LOAD c:/winavr-20100110/bin/../lib/gcc/avr/4.3.3/../../../../avr/lib/avr51\libc.a
LOAD c:/winavr-20100110/bin/../lib/gcc/avr/4.3.3/avr51\libgcc.a

.hash
 *(.hash)

.dynsym
 *(.dynsym)

.dynstr
 *(.dynstr)

.gnu.version
 *(.gnu.version)

.gnu.version_d
 *(.gnu.version_d)

.gnu.version_r
 *(.gnu.version_r)

.rel.init
 *(.rel.init)

.rela.init
 *(.rela.init)

.rel.text
 *(.rel.text)
 *(.rel.text.*)
 *(.rel.gnu.linkonce.t*)

.rela.text
 *(.rela.text)
 *(.rela.text.*)
 *(.rela.gnu.linkonce.t*)

.rel.fini
 *(.rel.fini)

.rela.fini
 *(.rela.fini)

.rel.rodata
 *(.rel.rodata)
 *(.rel.rodata.*)
 *(.rel.gnu.linkonce.r*)

.rela.rodata
 *(.rela.rodata)
 *(.rela.rodata.*)
 *(.rela.gnu.linkonce.r*)

.rel.data
 *(.rel.data)
 *(.rel.data.*)
 *(.rel.gnu.linkonce.d*)

.rela.data
 *(.rela.data)
 *(.rela.data.*)
 *(.rela.gnu.linkonce.d*)

.rel.ctors
 *(.rel.ctors)

.rela.ctors
 *(.rela.ctors)

.rel.dtors
 *(.rel.dtors)

.rela.dtors
 *(.rela.dtors)

.rel.got
 *(.rel.got)

.rela.got
 *(.rela.got)

.rel.bss
 *(.rel.bss)

.rela.bss
 *(.rela.bss)

.rel.plt
 *(.rel.plt)

.rela.plt
 *(.rela.plt)

.text           0x00000000     0x2030
 *(.vectors)
 .vectors       0x00000000       0x8c c:/winavr-20100110/bin/../lib/gcc/avr/4.3.3/../../../../avr/lib/avr51/crtm128.o
                0x00000000                __vectors
                0x00000000                __vector_default
 *(.vectors)
 *(.progmem.gcc*)
 *(.progmem*)
 .progmem.data  0x0000008c       0x23 five_thread.o
                0x000000b0                . = ALIGN (0x2)
 *fill*         0x000000af        0x1 00
                0x000000b0                __trampolines_start = .
 *(.trampolines)
 .trampolines   0x000000b0        0x0 linker stubs
 *(.trampolines*)
                0x000000b0                __trampolines_end = .
 *(.jumptables)
 *(.jumptables*)
 *(.lowtext)
 *(.lowtext*)
                0x000000b0                __ctors_start = .
 *(.ctors)
                0x000000b0                __ctors_end = .
                0x000000b0                __dtors_start = .
 *(.dtors)
                0x000000b0                __dtors_end = .
 SORT(*)(.ctors)
 SORT(*)(.dtors)
 *(.init0)
 .init0         0x000000b0        0x0 c:/winavr-20100110/bin/../lib/gcc/avr/4.3.3/../../../../avr/lib/avr51/crtm128.o
                0x000000b0                __init
 *(.init0)
 *(.init1)
 .init1         0x000000b0        0x4 C:/ethernut-5.1/nutbld/lib/nutinit.o
 .init1         0x000000b4       0x44 C:/ethernut-5.1/nutbld/lib\libnutarch.a(ethernut1.o)
 *(.init1)
 *(.init2)
 .init2         0x000000f8        0xc c:/winavr-20100110/bin/../lib/gcc/avr/4.3.3/../../../../avr/lib/avr51/crtm128.o
 *(.init2)
 *(.init3)
 *(.init3)
 *(.init4)
 .init4         0x00000104       0x1a c:/winavr-20100110/bin/../lib/gcc/avr/4.3.3/../../../../avr/lib/avr51/crtm128.o
                0x00000104                __do_copy_data
 .init4         0x0000011e       0x10 c:/winavr-20100110/bin/../lib/gcc/avr/4.3.3/avr51\libgcc.a(_clear_bss.o)
                0x0000011e                __do_clear_bss
 *(.init4)
 *(.init5)
 .init5         0x0000012e       0x2a C:/ethernut-5.1/nutbld/lib/nutinit.o
 *(.init5)
 *(.init6)
 *(.init6)
 *(.init7)
 *(.init7)
 *(.init8)
 .init8         0x00000158       0x1c C:/ethernut-5.1/nutbld/lib/nutinit.o
                0x00000158                NutInit
 *(.init8)
 *(.init9)
 .init9         0x00000174        0x8 c:/winavr-20100110/bin/../lib/gcc/avr/4.3.3/../../../../avr/lib/avr51/crtm128.o
 *(.init9)
 *(.text)
 .text          0x0000017c        0x4 c:/winavr-20100110/bin/../lib/gcc/avr/4.3.3/../../../../avr/lib/avr51/crtm128.o
                0x0000017c                __vector_22
                0x0000017c                __vector_28
                0x0000017c                __vector_1
                0x0000017c                __vector_32
                0x0000017c                __vector_34
                0x0000017c                __vector_24
                0x0000017c                __vector_12
                0x0000017c                __bad_interrupt
                0x0000017c                __vector_6
                0x0000017c                __vector_31
                0x0000017c                __vector_3
                0x0000017c                __vector_23
                0x0000017c                __vector_30
                0x0000017c                __vector_25
                0x0000017c                __vector_11
                0x0000017c                __vector_13
                0x0000017c                __vector_17
                0x0000017c                __vector_19
                0x0000017c                __vector_7
                0x0000017c                __vector_27
                0x0000017c                __vector_5
                0x0000017c                __vector_33
                0x0000017c                __vector_4
                0x0000017c                __vector_9
                0x0000017c                __vector_2
                0x0000017c                __vector_21
                0x0000017c                __vector_29
                0x0000017c                __vector_8
                0x0000017c                __vector_26
                0x0000017c                __vector_14
                0x0000017c                __vector_10
                0x0000017c                __vector_16
                0x0000017c                __vector_18
                0x0000017c                __vector_20
                0x00000180                . = ALIGN (0x2)
 *(.text.*)
 .text.NutAppMain
                0x00000180      0x14a five_thread.o
                0x00000180                NutAppMain
 .text.Thread4  0x000002ca       0x20 five_thread.o
                0x000002ca                Thread4
 .text.Thread3  0x000002ea       0x20 five_thread.o
                0x000002ea                Thread3
 .text.Thread2  0x0000030a       0x20 five_thread.o
                0x0000030a                Thread2
 .text.Thread1  0x0000032a       0x20 five_thread.o
                0x0000032a                Thread1
 .text.Thread5  0x0000034a       0xa4 five_thread.o
                0x0000034a                Thread5
 .text.NutIdle  0x000003ee       0x52 C:/ethernut-5.1/nutbld/lib/nutinit.o
                0x000003ee                NutIdle
 .text.NutHeapRootAlloc
                0x00000440       0xb0 C:/ethernut-5.1/nutbld/lib\libnutos.a(heap.o)
                0x00000440                NutHeapRootAlloc
 .text.NutHeapRootFree
                0x000004f0       0xd8 C:/ethernut-5.1/nutbld/lib\libnutos.a(heap.o)
                0x000004f0                NutHeapRootFree
 .text.NutHeapRootAdd
                0x000005c8       0x22 C:/ethernut-5.1/nutbld/lib\libnutos.a(heap.o)
                0x000005c8                NutHeapRootAdd
 .text.NutThreadAddPriQueue
                0x000005ea       0xb2 C:/ethernut-5.1/nutbld/lib\libnutos.a(thread.o)
                0x000005ea                NutThreadAddPriQueue
 .text.NutThreadRemoveQueue
                0x0000069c       0x8e C:/ethernut-5.1/nutbld/lib\libnutos.a(thread.o)
                0x0000069c                NutThreadRemoveQueue
 .text.NutThreadWake
                0x0000072a       0x16 C:/ethernut-5.1/nutbld/lib\libnutos.a(thread.o)
                0x0000072a                NutThreadWake
 .text.NutThreadDestroy
                0x00000740       0x22 C:/ethernut-5.1/nutbld/lib\libnutos.a(thread.o)
                0x00000740                NutThreadDestroy
 .text.NutThreadKill
                0x00000762       0x4e C:/ethernut-5.1/nutbld/lib\libnutos.a(thread.o)
                0x00000762                NutThreadKill
 .text.NutThreadSetPriority
                0x000007b0       0x6e C:/ethernut-5.1/nutbld/lib\libnutos.a(thread.o)
                0x000007b0                NutThreadSetPriority
 .text.NutThreadResume
                0x0000081e       0x8a C:/ethernut-5.1/nutbld/lib\libnutos.a(thread.o)
                0x0000081e                NutThreadResume
 .text.NutThreadYield
                0x000008a8       0x30 C:/ethernut-5.1/nutbld/lib\libnutos.a(thread.o)
                0x000008a8                NutThreadYield
 .text.NutTimerIntr
                0x000008d8       0x28 C:/ethernut-5.1/nutbld/lib\libnutos.a(timer.o)
                0x000008d8                NutTimerIntr
 .text.NutTimerInsert
                0x00000900       0x86 C:/ethernut-5.1/nutbld/lib\libnutos.a(timer.o)
                0x00000900                NutTimerInsert
 .text.NutTimerStop
                0x00000986       0x80 C:/ethernut-5.1/nutbld/lib\libnutos.a(timer.o)
                0x00000986                NutTimerStop
 .text.NutGetCpuClock
                0x00000a06       0x40 C:/ethernut-5.1/nutbld/lib\libnutos.a(timer.o)
                0x00000a06                NutGetCpuClock
 .text.NutTimerCreate
                0x00000a46       0xa2 C:/ethernut-5.1/nutbld/lib\libnutos.a(timer.o)
                0x00000a46                NutTimerCreate
 .text.NutTimerStartTicks
                0x00000ae8       0x1e C:/ethernut-5.1/nutbld/lib\libnutos.a(timer.o)
                0x00000ae8                NutTimerStartTicks
 .text.NutTimerStart
                0x00000b06       0x26 C:/ethernut-5.1/nutbld/lib\libnutos.a(timer.o)
                0x00000b06                NutTimerStart
 .text.NutSleep
                0x00000b2c       0x9e C:/ethernut-5.1/nutbld/lib\libnutos.a(timer.o)
                0x00000b2c                NutSleep
 .text.NutTimerProcessElapsed
                0x00000bca      0x11c C:/ethernut-5.1/nutbld/lib\libnutos.a(timer.o)
                0x00000bca                NutTimerProcessElapsed
 .text.NutTimerInit
                0x00000ce6       0x10 C:/ethernut-5.1/nutbld/lib\libnutos.a(timer.o)
                0x00000ce6                NutTimerInit
 .text.NutEventPostAsync
                0x00000cf6       0xa0 C:/ethernut-5.1/nutbld/lib\libnutos.a(event.o)
                0x00000cf6                NutEventPostAsync
 .text.NutDeviceLookup
                0x00000d96       0x38 C:/ethernut-5.1/nutbld/lib\libnutos.a(devreg.o)
                0x00000d96                NutDeviceLookup
 .text.NutRegisterDevice
                0x00000dce       0x56 C:/ethernut-5.1/nutbld/lib\libnutos.a(devreg.o)
                0x00000dce                NutRegisterDevice
 .text.NutLoadConfig
                0x00000e24       0x4a C:/ethernut-5.1/nutbld/lib\libnutos.a(confos.o)
                0x00000e24                NutLoadConfig
 .text._ioctl   0x00000e6e       0x2a C:/ethernut-5.1/nutbld/lib\libnutcrt.a(ioctl.o)
                0x00000e6e                _ioctl
 .text._read    0x00000e98       0x32 C:/ethernut-5.1/nutbld/lib\libnutcrt.a(read.o)
                0x00000e98                _read
 .text._write   0x00000eca       0x32 C:/ethernut-5.1/nutbld/lib\libnutcrt.a(write.o)
                0x00000eca                _write
 .text._write_P
                0x00000efc       0x24 C:/ethernut-5.1/nutbld/lib\libnutcrt.a(write_p.o)
                0x00000efc                _write_P
 .text.fflush   0x00000f20       0x24 C:/ethernut-5.1/nutbld/lib\libnutcrt.a(fflush.o)
                0x00000f20                fflush
 .text._fileno  0x00000f44        0x8 C:/ethernut-5.1/nutbld/lib\libnutcrt.a(fileno.o)
                0x00000f44                _fileno
 .text.fopen    0x00000f4c       0xbc C:/ethernut-5.1/nutbld/lib\libnutcrt.a(fopen.o)
                0x00000f4c                fopen
 .text.fgets    0x00001008       0x56 C:/ethernut-5.1/nutbld/lib\libnutcrt.a(fgets.o)
                0x00001008                fgets
 .text.fprintf  0x0000105e       0x22 C:/ethernut-5.1/nutbld/lib\libnutcrt.a(fprintf.o)
                0x0000105e                fprintf
 .text.fputs    0x00001080       0x20 C:/ethernut-5.1/nutbld/lib\libnutcrt.a(fputs.o)
                0x00001080                fputs
 .text.vfprintf
                0x000010a0       0x16 C:/ethernut-5.1/nutbld/lib\libnutcrt.a(vfprintf.o)
                0x000010a0                vfprintf
 .text.fputs_P  0x000010b6       0x28 C:/ethernut-5.1/nutbld/lib\libnutcrt.a(fputs_p.o)
                0x000010b6                fputs_P
 .text.free     0x000010de        0xc C:/ethernut-5.1/nutbld/lib\libnutcrt.a(malloc.o)
                0x000010de                free
 .text.malloc   0x000010ea       0x20 C:/ethernut-5.1/nutbld/lib\libnutcrt.a(malloc.o)
                0x000010ea                malloc
 .text._open    0x0000110a       0xbe C:/ethernut-5.1/nutbld/lib\libnutcrt.a(open.o)
                0x0000110a                _open
 .text._putpad  0x000011c8       0x50 C:/ethernut-5.1/nutbld/lib\libnutcrt.a(putf.o)
 .text._putf    0x00001218      0x69e C:/ethernut-5.1/nutbld/lib\libnutcrt.a(putf.o)
                0x00001218                _putf
 .text._fmode   0x000018b6       0x68 C:/ethernut-5.1/nutbld/lib\libnutcrt.a(fmode.o)
                0x000018b6                _fmode
 .text.fgetc    0x0000191e       0x68 C:/ethernut-5.1/nutbld/lib\libnutcrt.a(fgetc.o)
                0x0000191e                fgetc
 .text.NutNvMemLoad
                0x00001986        0x6 C:/ethernut-5.1/nutbld/lib\libnutdev.a(nvmem.o)
                0x00001986                NutNvMemLoad
 .text.NutBoardInit
                0x0000198c        0x2 C:/ethernut-5.1/nutbld/lib\libnutarch.a(ethernut1.o)
                0x0000198c                NutBoardInit
 .text.NutThreadEntry
                0x0000198e       0x10 C:/ethernut-5.1/nutbld/lib\libnutarch.a(context_gcc.o)
 .text.NutThreadSwitch
                0x0000199e       0x76 C:/ethernut-5.1/nutbld/lib\libnutarch.a(context_gcc.o)
                0x000019d2                thread_start
                0x0000199e                NutThreadSwitch
 .text.NutThreadCreate
                0x00001a14      0x140 C:/ethernut-5.1/nutbld/lib\libnutarch.a(context_gcc.o)
                0x00001a14                NutThreadCreate
 .text.NutArchClockGet
                0x00001b54       0x12 C:/ethernut-5.1/nutbld/lib\libnutarch.a(ostimer.o)
                0x00001b54                NutArchClockGet
 .text.NutTimerMillisToTicks
                0x00001b66       0x5c C:/ethernut-5.1/nutbld/lib\libnutarch.a(ostimer.o)
                0x00001b66                NutTimerMillisToTicks
 .text.NutRegisterTimer
                0x00001bc2       0xa0 C:/ethernut-5.1/nutbld/lib\libnutarch.a(ostimer.o)
                0x00001bc2                NutRegisterTimer
 .text.AvrTimer0CompIrqCtl
                0x00001c62       0x90 C:/ethernut-5.1/nutbld/lib\libnutarch.a(ih_timer0_comp.o)
 .text.__vector_15
                0x00001cf2       0x54 C:/ethernut-5.1/nutbld/lib\libnutarch.a(ih_timer0_comp.o)
                0x00001cf2                __vector_15
 .text.DebugWrite
                0x00001d46       0x2a C:/ethernut-5.1/nutbld/lib\libnutarch.a(debug0.o)
 .text.DebugWrite_P
                0x00001d70       0x2c C:/ethernut-5.1/nutbld/lib\libnutarch.a(debug0.o)
 .text.DebugSize
                0x00001d9c       0x1e C:/ethernut-5.1/nutbld/lib\libnutarch.a(debug0.o)
                0x00001d9c                DebugSize
 .text.DebugOpen
                0x00001dba       0x1e C:/ethernut-5.1/nutbld/lib\libnutarch.a(debug0.o)
 .text.DebugClose
                0x00001dd8        0x6 C:/ethernut-5.1/nutbld/lib\libnutarch.a(debug0.o)
 .text.DebugSetSpeed
                0x00001dde       0x4c C:/ethernut-5.1/nutbld/lib\libnutarch.a(debug0.o)
 .text.DebugIOCtl
                0x00001e2a       0x22 C:/ethernut-5.1/nutbld/lib\libnutarch.a(debug0.o)
 .text.DebugInit
                0x00001e4c       0x16 C:/ethernut-5.1/nutbld/lib\libnutarch.a(debug0.o)
 .text.DebugRead
                0x00001e62       0x72 C:/ethernut-5.1/nutbld/lib\libnutarch.a(debug0.o)
                0x00001e62                DebugRead
 .text.OnChipNvMemLoad
                0x00001ed4       0x10 C:/ethernut-5.1/nutbld/lib\libnutarch.a(eeprom.o)
                0x00001ed4                OnChipNvMemLoad
 .text.CallHandler
                0x00001ee4       0x16 C:/ethernut-5.1/nutbld/lib\libnutdev.a(ihndlr.o)
                0x00001ee4                CallHandler
 .text.NutRegisterIrqHandler
                0x00001efa       0x44 C:/ethernut-5.1/nutbld/lib\libnutdev.a(ihndlr.o)
                0x00001efa                NutRegisterIrqHandler
 .text.libgcc   0x00001f3e       0x44 c:/winavr-20100110/bin/../lib/gcc/avr/4.3.3/avr51\libgcc.a(_udivmodsi4.o)
                0x00001f3e                __udivmodsi4
 .text.avr-libc
                0x00001f82        0xe c:/winavr-20100110/bin/../lib/gcc/avr/4.3.3/../../../../avr/lib/avr51\libc.a(strcpy_P.o)
                0x00001f82                strcpy_P
 .text.avr-libc
                0x00001f90       0x12 c:/winavr-20100110/bin/../lib/gcc/avr/4.3.3/../../../../avr/lib/avr51\libc.a(strlen_P.o)
                0x00001f90                strlen_P
 .text.avr-libc
                0x00001fa2       0x1a c:/winavr-20100110/bin/../lib/gcc/avr/4.3.3/../../../../avr/lib/avr51\libc.a(memchr.o)
                0x00001fa2                memchr
 .text.avr-libc
                0x00001fbc       0x1a c:/winavr-20100110/bin/../lib/gcc/avr/4.3.3/../../../../avr/lib/avr51\libc.a(memcmp.o)
                0x00001fbc                memcmp
 .text.avr-libc
                0x00001fd6       0x16 c:/winavr-20100110/bin/../lib/gcc/avr/4.3.3/../../../../avr/lib/avr51\libc.a(strchr.o)
                0x00001fd6                strchr
 .text.avr-libc
                0x00001fec       0x12 c:/winavr-20100110/bin/../lib/gcc/avr/4.3.3/../../../../avr/lib/avr51\libc.a(strcmp.o)
                0x00001fec                strcmp
 .text.avr-libc
                0x00001ffe        0xe c:/winavr-20100110/bin/../lib/gcc/avr/4.3.3/../../../../avr/lib/avr51\libc.a(strcpy.o)
                0x00001ffe                strcpy
 .text.avr-libc
                0x0000200c       0x20 c:/winavr-20100110/bin/../lib/gcc/avr/4.3.3/../../../../avr/lib/avr51\libc.a(eerd_block_atmega128.o)
                0x00002010                __eerd_blraw_m128
                0x0000200c                __eerd_block_m128
                0x0000202c                . = ALIGN (0x2)
 *(.fini9)
 .fini9         0x0000202c        0x0 c:/winavr-20100110/bin/../lib/gcc/avr/4.3.3/avr51\libgcc.a(_exit.o)
                0x0000202c                exit
                0x0000202c                _exit
 *(.fini9)
 *(.fini8)
 *(.fini8)
 *(.fini7)
 *(.fini7)
 *(.fini6)
 *(.fini6)
 *(.fini5)
 *(.fini5)
 *(.fini4)
 *(.fini4)
 *(.fini3)
 *(.fini3)
 *(.fini2)
 *(.fini2)
 *(.fini1)
 *(.fini1)
 *(.fini0)
 .fini0         0x0000202c        0x4 c:/winavr-20100110/bin/../lib/gcc/avr/4.3.3/avr51\libgcc.a(_exit.o)
 *(.fini0)
                0x00002030                _etext = .

.data           0x00800100       0xfa load address 0x00002030
                0x00800100                PROVIDE (__data_start, .)
 *(.data)
 .data          0x00800100       0x61 five_thread.o
                0x00800131                baud
 .data          0x00800161        0xb C:/ethernut-5.1/nutbld/lib/nutinit.o
                0x0080016b                idle_sleep_mode
 .data          0x0080016c        0xc C:/ethernut-5.1/nutbld/lib\libnutos.a(confos.o)
 .data          0x00800178       0x10 C:/ethernut-5.1/nutbld/lib\libnutcrt.a(fopen.o)
                0x00800178                __iob
 .data          0x00800188       0x49 C:/ethernut-5.1/nutbld/lib\libnutcrt.a(putf.o)
 .data          0x008001d1        0x6 C:/ethernut-5.1/nutbld/lib\libnutarch.a(ih_timer0_comp.o)
                0x008001d1                sig_OUTPUT_COMPARE0
 .data          0x008001d7       0x23 C:/ethernut-5.1/nutbld/lib\libnutarch.a(debug0.o)
                0x008001d7                devDebug0
 *(.data*)
 *(.rodata)
 *(.rodata*)
 *(.gnu.linkonce.d*)
                0x008001fa                . = ALIGN (0x2)
                0x008001fa                _edata = .
                0x008001fa                PROVIDE (__data_end, .)

.bss            0x008001fa       0xc3
                0x008001fa                PROVIDE (__bss_start, .)
 *(.bss)
 .bss           0x008001fa       0x84 five_thread.o
 .bss           0x0080027e        0x8 C:/ethernut-5.1/nutbld/lib\libnutos.a(timer.o)
 .bss           0x00800286        0x2 C:/ethernut-5.1/nutbld/lib\libnutos.a(devreg.o)
                0x00800286                nutDeviceList
 .bss           0x00800288        0x4 C:/ethernut-5.1/nutbld/lib\libnutarch.a(ostimer.o)
 .bss           0x0080028c        0x6 C:/ethernut-5.1/nutbld/lib\libnutarch.a(debug0.o)
 *(.bss*)
 *(COMMON)
 COMMON         0x00800292        0x6 five_thread.o
                0x00800292                cp
                0x00800294                got
                0x00800296                uart
 COMMON         0x00800298        0x2 C:/ethernut-5.1/nutbld/lib\libnutos.a(heap.o)
                0x00800298                heapFreeList
 COMMON         0x0080029a        0x8 C:/ethernut-5.1/nutbld/lib\libnutos.a(thread.o)
                0x0080029a                nutThreadList
                0x0080029c                runQueue
                0x0080029e                runningThread
                0x008002a0                killedThread
 COMMON         0x008002a2        0x6 C:/ethernut-5.1/nutbld/lib\libnutos.a(timer.o)
                0x008002a2                nutTimerList
                0x008002a4                nut_ticks
 COMMON         0x008002a8       0x13 C:/ethernut-5.1/nutbld/lib\libnutos.a(confos.o)
                0x008002a8                confos
 COMMON         0x008002bb        0x2 C:/ethernut-5.1/nutbld/lib\libnutcrt.a(errno.o)
                0x008002bb                errno
                0x008002bd                PROVIDE (__bss_end, .)
                0x00002030                __data_load_start = LOADADDR (.data)
                0x0000212a                __data_load_end = (__data_load_start + SIZEOF (.data))

.noinit         0x008002bd        0x0
                0x008002bd                PROVIDE (__noinit_start, .)
 *(.noinit*)
                0x008002bd                PROVIDE (__noinit_end, .)
                0x008002bd                _end = .
                0x008002bd                PROVIDE (__heap_start, .)

.eeprom         0x00810000        0x0
 *(.eeprom*)
                0x00810000                __eeprom_end = .

.fuse
 *(.fuse)
 *(.lfuse)
 *(.hfuse)
 *(.efuse)

.lock
 *(.lock*)

.signature
 *(.signature*)

.stab
 *(.stab)

.stabstr
 *(.stabstr)

.stab.excl
 *(.stab.excl)

.stab.exclstr
 *(.stab.exclstr)

.stab.index
 *(.stab.index)

.stab.indexstr
 *(.stab.indexstr)

.comment
 *(.comment)

.debug
 *(.debug)

.line
 *(.line)

.debug_srcinfo
 *(.debug_srcinfo)

.debug_sfnames
 *(.debug_sfnames)

.debug_aranges
 *(.debug_aranges)

.debug_pubnames
 *(.debug_pubnames)

.debug_info
 *(.debug_info)
 *(.gnu.linkonce.wi.*)

.debug_abbrev
 *(.debug_abbrev)

.debug_line
 *(.debug_line)

.debug_frame
 *(.debug_frame)

.debug_str
 *(.debug_str)

.debug_loc
 *(.debug_loc)

.debug_macinfo
 *(.debug_macinfo)
OUTPUT(five_thread.elf elf32-avr)
LOAD linker stubs

Cross Reference Table

Symbol                                            File
CallHandler                                       C:/ethernut-5.1/nutbld/lib\libnutdev.a(ihndlr.o)
                                                  C:/ethernut-5.1/nutbld/lib\libnutarch.a(ih_timer0_comp.o)
DebugRead                                         C:/ethernut-5.1/nutbld/lib\libnutarch.a(debug0.o)
DebugSize                                         C:/ethernut-5.1/nutbld/lib\libnutarch.a(debug0.o)
GetThreadByName                                   C:/ethernut-5.1/nutbld/lib\libnutos.a(thread.o)
NutAppMain                                        five_thread.o
                                                  C:/ethernut-5.1/nutbld/lib/nutinit.o
NutArchClockGet                                   C:/ethernut-5.1/nutbld/lib\libnutarch.a(ostimer.o)
                                                  C:/ethernut-5.1/nutbld/lib\libnutos.a(timer.o)
NutBoardInit                                      C:/ethernut-5.1/nutbld/lib\libnutarch.a(ethernut1.o)
                                                  C:/ethernut-5.1/nutbld/lib/nutinit.o
NutClockSet                                       C:/ethernut-5.1/nutbld/lib\libnutos.a(timer.o)
NutDelay                                          C:/ethernut-5.1/nutbld/lib\libnutos.a(timer.o)
NutDeviceLookup                                   C:/ethernut-5.1/nutbld/lib\libnutos.a(devreg.o)
                                                  C:/ethernut-5.1/nutbld/lib\libnutcrt.a(open.o)
NutDeviceLookupType                               C:/ethernut-5.1/nutbld/lib\libnutos.a(devreg.o)
NutEventBroadcast                                 C:/ethernut-5.1/nutbld/lib\libnutos.a(event.o)
NutEventBroadcastAsync                            C:/ethernut-5.1/nutbld/lib\libnutos.a(event.o)
NutEventPost                                      C:/ethernut-5.1/nutbld/lib\libnutos.a(event.o)
NutEventPostAsync                                 C:/ethernut-5.1/nutbld/lib\libnutos.a(event.o)
                                                  C:/ethernut-5.1/nutbld/lib\libnutos.a(thread.o)
NutEventTimeout                                   C:/ethernut-5.1/nutbld/lib\libnutos.a(event.o)
NutEventWait                                      C:/ethernut-5.1/nutbld/lib\libnutos.a(event.o)
NutEventWaitNext                                  C:/ethernut-5.1/nutbld/lib\libnutos.a(event.o)
NutGetCpuClock                                    C:/ethernut-5.1/nutbld/lib\libnutos.a(timer.o)
                                                  C:/ethernut-5.1/nutbld/lib\libnutarch.a(debug0.o)
NutGetMillis                                      C:/ethernut-5.1/nutbld/lib\libnutos.a(timer.o)
NutGetSeconds                                     C:/ethernut-5.1/nutbld/lib\libnutos.a(timer.o)
NutGetTickClock                                   C:/ethernut-5.1/nutbld/lib\libnutarch.a(ostimer.o)
                                                  C:/ethernut-5.1/nutbld/lib\libnutos.a(timer.o)
NutGetTickCount                                   C:/ethernut-5.1/nutbld/lib\libnutos.a(timer.o)
NutHeapCheck                                      C:/ethernut-5.1/nutbld/lib\libnutos.a(heap.o)
NutHeapDump                                       C:/ethernut-5.1/nutbld/lib\libnutos.a(heap.o)
NutHeapRootAdd                                    C:/ethernut-5.1/nutbld/lib\libnutos.a(heap.o)
                                                  C:/ethernut-5.1/nutbld/lib/nutinit.o
NutHeapRootAlloc                                  C:/ethernut-5.1/nutbld/lib\libnutos.a(heap.o)
                                                  C:/ethernut-5.1/nutbld/lib\libnutarch.a(context_gcc.o)
                                                  C:/ethernut-5.1/nutbld/lib\libnutcrt.a(malloc.o)
                                                  C:/ethernut-5.1/nutbld/lib\libnutos.a(timer.o)
NutHeapRootAllocClear                             C:/ethernut-5.1/nutbld/lib\libnutos.a(heap.o)
NutHeapRootAvailable                              C:/ethernut-5.1/nutbld/lib\libnutos.a(heap.o)
NutHeapRootFree                                   C:/ethernut-5.1/nutbld/lib\libnutos.a(heap.o)
                                                  C:/ethernut-5.1/nutbld/lib\libnutcrt.a(malloc.o)
                                                  C:/ethernut-5.1/nutbld/lib\libnutos.a(timer.o)
                                                  C:/ethernut-5.1/nutbld/lib\libnutos.a(thread.o)
NutHeapRootRealloc                                C:/ethernut-5.1/nutbld/lib\libnutos.a(heap.o)
NutHeapRootRegionAvailable                        C:/ethernut-5.1/nutbld/lib\libnutos.a(heap.o)
NutIdle                                           C:/ethernut-5.1/nutbld/lib/nutinit.o
NutInit                                           C:/ethernut-5.1/nutbld/lib/nutinit.o
NutIrqDisable                                     C:/ethernut-5.1/nutbld/lib\libnutdev.a(ihndlr.o)
NutIrqEnable                                      C:/ethernut-5.1/nutbld/lib\libnutdev.a(ihndlr.o)
NutIrqGetPriority                                 C:/ethernut-5.1/nutbld/lib\libnutdev.a(ihndlr.o)
NutIrqSetMode                                     C:/ethernut-5.1/nutbld/lib\libnutdev.a(ihndlr.o)
NutIrqSetPriority                                 C:/ethernut-5.1/nutbld/lib\libnutdev.a(ihndlr.o)
NutIrqStatus                                      C:/ethernut-5.1/nutbld/lib\libnutdev.a(ihndlr.o)
NutLoadConfig                                     C:/ethernut-5.1/nutbld/lib\libnutos.a(confos.o)
                                                  C:/ethernut-5.1/nutbld/lib/nutinit.o
NutMicroDelay                                     C:/ethernut-5.1/nutbld/lib\libnutos.a(timer.o)
NutNvMemLoad                                      C:/ethernut-5.1/nutbld/lib\libnutdev.a(nvmem.o)
                                                  C:/ethernut-5.1/nutbld/lib\libnutos.a(confos.o)
NutNvMemSave                                      C:/ethernut-5.1/nutbld/lib\libnutdev.a(nvmem.o)
                                                  C:/ethernut-5.1/nutbld/lib\libnutos.a(confos.o)
NutRegisterDevice                                 C:/ethernut-5.1/nutbld/lib\libnutos.a(devreg.o)
                                                  five_thread.o
NutRegisterIrqHandler                             C:/ethernut-5.1/nutbld/lib\libnutdev.a(ihndlr.o)
                                                  C:/ethernut-5.1/nutbld/lib\libnutarch.a(ostimer.o)
NutRegisterTimer                                  C:/ethernut-5.1/nutbld/lib\libnutarch.a(ostimer.o)
                                                  C:/ethernut-5.1/nutbld/lib\libnutos.a(timer.o)
NutSaveConfig                                     C:/ethernut-5.1/nutbld/lib\libnutos.a(confos.o)
NutSleep                                          C:/ethernut-5.1/nutbld/lib\libnutos.a(timer.o)
                                                  C:/ethernut-5.1/nutbld/lib\libnutarch.a(debug0.o)
                                                  five_thread.o
NutThreadAddPriQueue                              C:/ethernut-5.1/nutbld/lib\libnutos.a(thread.o)
                                                  C:/ethernut-5.1/nutbld/lib\libnutarch.a(context_gcc.o)
                                                  C:/ethernut-5.1/nutbld/lib\libnutos.a(event.o)
NutThreadCreate                                   C:/ethernut-5.1/nutbld/lib\libnutarch.a(context_gcc.o)
                                                  C:/ethernut-5.1/nutbld/lib/nutinit.o
                                                  five_thread.o
NutThreadDestroy                                  C:/ethernut-5.1/nutbld/lib\libnutos.a(thread.o)
                                                  C:/ethernut-5.1/nutbld/lib/nutinit.o
NutThreadExit                                     C:/ethernut-5.1/nutbld/lib\libnutos.a(thread.o)
NutThreadKill                                     C:/ethernut-5.1/nutbld/lib\libnutos.a(thread.o)
NutThreadRemoveQueue                              C:/ethernut-5.1/nutbld/lib\libnutos.a(thread.o)
                                                  C:/ethernut-5.1/nutbld/lib\libnutos.a(event.o)
                                                  C:/ethernut-5.1/nutbld/lib\libnutos.a(timer.o)
NutThreadResume                                   C:/ethernut-5.1/nutbld/lib\libnutos.a(thread.o)
                                                  C:/ethernut-5.1/nutbld/lib\libnutos.a(event.o)
                                                  C:/ethernut-5.1/nutbld/lib\libnutos.a(timer.o)
NutThreadSetPriority                              C:/ethernut-5.1/nutbld/lib\libnutos.a(thread.o)
                                                  C:/ethernut-5.1/nutbld/lib/nutinit.o
                                                  five_thread.o
NutThreadSetSleepMode                             C:/ethernut-5.1/nutbld/lib/nutinit.o
NutThreadStackAvailable                           C:/ethernut-5.1/nutbld/lib\libnutos.a(thread.o)
NutThreadSwitch                                   C:/ethernut-5.1/nutbld/lib\libnutarch.a(context_gcc.o)
                                                  C:/ethernut-5.1/nutbld/lib\libnutos.a(thread.o)
NutThreadWake                                     C:/ethernut-5.1/nutbld/lib\libnutos.a(thread.o)
                                                  C:/ethernut-5.1/nutbld/lib\libnutos.a(timer.o)
NutThreadYield                                    C:/ethernut-5.1/nutbld/lib\libnutos.a(thread.o)
                                                  C:/ethernut-5.1/nutbld/lib\libnutos.a(event.o)
                                                  C:/ethernut-5.1/nutbld/lib\libnutos.a(timer.o)
                                                  C:/ethernut-5.1/nutbld/lib/nutinit.o
                                                  five_thread.o
NutTimerCreate                                    C:/ethernut-5.1/nutbld/lib\libnutos.a(timer.o)
NutTimerInit                                      C:/ethernut-5.1/nutbld/lib\libnutos.a(timer.o)
                                                  C:/ethernut-5.1/nutbld/lib/nutinit.o
NutTimerInsert                                    C:/ethernut-5.1/nutbld/lib\libnutos.a(timer.o)
NutTimerIntr                                      C:/ethernut-5.1/nutbld/lib\libnutos.a(timer.o)
NutTimerMillisToTicks                             C:/ethernut-5.1/nutbld/lib\libnutarch.a(ostimer.o)
                                                  C:/ethernut-5.1/nutbld/lib\libnutos.a(timer.o)
NutTimerProcessElapsed                            C:/ethernut-5.1/nutbld/lib\libnutos.a(timer.o)
                                                  C:/ethernut-5.1/nutbld/lib\libnutos.a(thread.o)
NutTimerStart                                     C:/ethernut-5.1/nutbld/lib\libnutos.a(timer.o)
                                                  C:/ethernut-5.1/nutbld/lib\libnutos.a(event.o)
NutTimerStartTicks                                C:/ethernut-5.1/nutbld/lib\libnutos.a(timer.o)
NutTimerStop                                      C:/ethernut-5.1/nutbld/lib\libnutos.a(timer.o)
                                                  C:/ethernut-5.1/nutbld/lib\libnutos.a(event.o)
OnChipNvMemLoad                                   C:/ethernut-5.1/nutbld/lib\libnutarch.a(eeprom.o)
                                                  C:/ethernut-5.1/nutbld/lib\libnutdev.a(nvmem.o)
OnChipNvMemSave                                   C:/ethernut-5.1/nutbld/lib\libnutarch.a(eeprom.o)
                                                  C:/ethernut-5.1/nutbld/lib\libnutdev.a(nvmem.o)
Thread1                                           five_thread.o
Thread2                                           five_thread.o
Thread3                                           five_thread.o
Thread4                                           five_thread.o
Thread5                                           five_thread.o
TimerTick                                         five_thread.o
__bad_interrupt                                   c:/winavr-20100110/bin/../lib/gcc/avr/4.3.3/../../../../avr/lib/avr51/crtm128.o
__bss_end                                         c:/winavr-20100110/bin/../lib/gcc/avr/4.3.3/avr51\libgcc.a(_clear_bss.o)
__bss_start                                       c:/winavr-20100110/bin/../lib/gcc/avr/4.3.3/avr51\libgcc.a(_clear_bss.o)
__data_end                                        c:/winavr-20100110/bin/../lib/gcc/avr/4.3.3/../../../../avr/lib/avr51/crtm128.o
__data_load_start                                 c:/winavr-20100110/bin/../lib/gcc/avr/4.3.3/../../../../avr/lib/avr51/crtm128.o
__data_start                                      c:/winavr-20100110/bin/../lib/gcc/avr/4.3.3/../../../../avr/lib/avr51/crtm128.o
__do_clear_bss                                    c:/winavr-20100110/bin/../lib/gcc/avr/4.3.3/avr51\libgcc.a(_clear_bss.o)
                                                  C:/ethernut-5.1/nutbld/lib\libnutarch.a(debug0.o)
                                                  C:/ethernut-5.1/nutbld/lib\libnutarch.a(ostimer.o)
                                                  C:/ethernut-5.1/nutbld/lib\libnutcrt.a(errno.o)
                                                  C:/ethernut-5.1/nutbld/lib\libnutos.a(confos.o)
                                                  C:/ethernut-5.1/nutbld/lib\libnutos.a(devreg.o)
                                                  C:/ethernut-5.1/nutbld/lib\libnutos.a(timer.o)
                                                  C:/ethernut-5.1/nutbld/lib\libnutos.a(thread.o)
                                                  C:/ethernut-5.1/nutbld/lib\libnutos.a(heap.o)
                                                  C:/ethernut-5.1/nutbld/lib/nutinit.o
                                                  five_thread.o
__do_copy_data                                    c:/winavr-20100110/bin/../lib/gcc/avr/4.3.3/../../../../avr/lib/avr51/crtm128.o
                                                  C:/ethernut-5.1/nutbld/lib\libnutarch.a(debug0.o)
                                                  C:/ethernut-5.1/nutbld/lib\libnutarch.a(ih_timer0_comp.o)
                                                  C:/ethernut-5.1/nutbld/lib\libnutcrt.a(putf.o)
                                                  C:/ethernut-5.1/nutbld/lib\libnutcrt.a(fopen.o)
                                                  C:/ethernut-5.1/nutbld/lib\libnutos.a(confos.o)
                                                  C:/ethernut-5.1/nutbld/lib\libnutos.a(heap.o)
                                                  C:/ethernut-5.1/nutbld/lib/nutinit.o
                                                  five_thread.o
__eerd_block_m128                                 c:/winavr-20100110/bin/../lib/gcc/avr/4.3.3/../../../../avr/lib/avr51\libc.a(eerd_block_atmega128.o)
                                                  C:/ethernut-5.1/nutbld/lib\libnutarch.a(eeprom.o)
__eerd_blraw_m128                                 c:/winavr-20100110/bin/../lib/gcc/avr/4.3.3/../../../../avr/lib/avr51\libc.a(eerd_block_atmega128.o)
__eerd_byte_m128                                  c:/winavr-20100110/bin/../lib/gcc/avr/4.3.3/../../../../avr/lib/avr51\libc.a(eerd_byte_atmega128.o)
                                                  C:/ethernut-5.1/nutbld/lib\libnutarch.a(eeprom.o)
__eewr_byte_m128                                  c:/winavr-20100110/bin/../lib/gcc/avr/4.3.3/../../../../avr/lib/avr51\libc.a(eewr_byte_atmega128.o)
                                                  C:/ethernut-5.1/nutbld/lib\libnutarch.a(eeprom.o)
__eewr_r18_m128                                   c:/winavr-20100110/bin/../lib/gcc/avr/4.3.3/../../../../avr/lib/avr51\libc.a(eewr_byte_atmega128.o)
__heap_end                                        c:/winavr-20100110/bin/../lib/gcc/avr/4.3.3/../../../../avr/lib/avr51/crtm128.o
__heap_start                                      C:/ethernut-5.1/nutbld/lib/nutinit.o
__init                                            c:/winavr-20100110/bin/../lib/gcc/avr/4.3.3/../../../../avr/lib/avr51/crtm128.o
__iob                                             C:/ethernut-5.1/nutbld/lib\libnutcrt.a(fopen.o)
__mulsi3                                          c:/winavr-20100110/bin/../lib/gcc/avr/4.3.3/avr51\libgcc.a(_mulsi3.o)
                                                  C:/ethernut-5.1/nutbld/lib\libnutos.a(timer.o)
__stack                                           c:/winavr-20100110/bin/../lib/gcc/avr/4.3.3/../../../../avr/lib/avr51/crtm128.o
__udivmodsi4                                      c:/winavr-20100110/bin/../lib/gcc/avr/4.3.3/avr51\libgcc.a(_udivmodsi4.o)
                                                  C:/ethernut-5.1/nutbld/lib\libnutarch.a(debug0.o)
                                                  C:/ethernut-5.1/nutbld/lib\libnutarch.a(ostimer.o)
                                                  C:/ethernut-5.1/nutbld/lib\libnutcrt.a(putf.o)
                                                  C:/ethernut-5.1/nutbld/lib\libnutos.a(timer.o)
__vector_1                                        c:/winavr-20100110/bin/../lib/gcc/avr/4.3.3/../../../../avr/lib/avr51/crtm128.o
__vector_10                                       c:/winavr-20100110/bin/../lib/gcc/avr/4.3.3/../../../../avr/lib/avr51/crtm128.o
__vector_11                                       c:/winavr-20100110/bin/../lib/gcc/avr/4.3.3/../../../../avr/lib/avr51/crtm128.o
__vector_12                                       c:/winavr-20100110/bin/../lib/gcc/avr/4.3.3/../../../../avr/lib/avr51/crtm128.o
__vector_13                                       c:/winavr-20100110/bin/../lib/gcc/avr/4.3.3/../../../../avr/lib/avr51/crtm128.o
__vector_14                                       c:/winavr-20100110/bin/../lib/gcc/avr/4.3.3/../../../../avr/lib/avr51/crtm128.o
__vector_15                                       C:/ethernut-5.1/nutbld/lib\libnutarch.a(ih_timer0_comp.o)
                                                  c:/winavr-20100110/bin/../lib/gcc/avr/4.3.3/../../../../avr/lib/avr51/crtm128.o
__vector_16                                       c:/winavr-20100110/bin/../lib/gcc/avr/4.3.3/../../../../avr/lib/avr51/crtm128.o
__vector_17                                       c:/winavr-20100110/bin/../lib/gcc/avr/4.3.3/../../../../avr/lib/avr51/crtm128.o
__vector_18                                       c:/winavr-20100110/bin/../lib/gcc/avr/4.3.3/../../../../avr/lib/avr51/crtm128.o
__vector_19                                       c:/winavr-20100110/bin/../lib/gcc/avr/4.3.3/../../../../avr/lib/avr51/crtm128.o
__vector_2                                        c:/winavr-20100110/bin/../lib/gcc/avr/4.3.3/../../../../avr/lib/avr51/crtm128.o
__vector_20                                       c:/winavr-20100110/bin/../lib/gcc/avr/4.3.3/../../../../avr/lib/avr51/crtm128.o
__vector_21                                       c:/winavr-20100110/bin/../lib/gcc/avr/4.3.3/../../../../avr/lib/avr51/crtm128.o
__vector_22                                       c:/winavr-20100110/bin/../lib/gcc/avr/4.3.3/../../../../avr/lib/avr51/crtm128.o
__vector_23                                       c:/winavr-20100110/bin/../lib/gcc/avr/4.3.3/../../../../avr/lib/avr51/crtm128.o
__vector_24                                       c:/winavr-20100110/bin/../lib/gcc/avr/4.3.3/../../../../avr/lib/avr51/crtm128.o
__vector_25                                       c:/winavr-20100110/bin/../lib/gcc/avr/4.3.3/../../../../avr/lib/avr51/crtm128.o
__vector_26                                       c:/winavr-20100110/bin/../lib/gcc/avr/4.3.3/../../../../avr/lib/avr51/crtm128.o
__vector_27                                       c:/winavr-20100110/bin/../lib/gcc/avr/4.3.3/../../../../avr/lib/avr51/crtm128.o
__vector_28                                       c:/winavr-20100110/bin/../lib/gcc/avr/4.3.3/../../../../avr/lib/avr51/crtm128.o
__vector_29                                       c:/winavr-20100110/bin/../lib/gcc/avr/4.3.3/../../../../avr/lib/avr51/crtm128.o
__vector_3                                        c:/winavr-20100110/bin/../lib/gcc/avr/4.3.3/../../../../avr/lib/avr51/crtm128.o
__vector_30                                       c:/winavr-20100110/bin/../lib/gcc/avr/4.3.3/../../../../avr/lib/avr51/crtm128.o
__vector_31                                       c:/winavr-20100110/bin/../lib/gcc/avr/4.3.3/../../../../avr/lib/avr51/crtm128.o
__vector_32                                       c:/winavr-20100110/bin/../lib/gcc/avr/4.3.3/../../../../avr/lib/avr51/crtm128.o
__vector_33                                       c:/winavr-20100110/bin/../lib/gcc/avr/4.3.3/../../../../avr/lib/avr51/crtm128.o
__vector_34                                       c:/winavr-20100110/bin/../lib/gcc/avr/4.3.3/../../../../avr/lib/avr51/crtm128.o
__vector_4                                        c:/winavr-20100110/bin/../lib/gcc/avr/4.3.3/../../../../avr/lib/avr51/crtm128.o
__vector_5                                        c:/winavr-20100110/bin/../lib/gcc/avr/4.3.3/../../../../avr/lib/avr51/crtm128.o
__vector_6                                        c:/winavr-20100110/bin/../lib/gcc/avr/4.3.3/../../../../avr/lib/avr51/crtm128.o
__vector_7                                        c:/winavr-20100110/bin/../lib/gcc/avr/4.3.3/../../../../avr/lib/avr51/crtm128.o
__vector_8                                        c:/winavr-20100110/bin/../lib/gcc/avr/4.3.3/../../../../avr/lib/avr51/crtm128.o
__vector_9                                        c:/winavr-20100110/bin/../lib/gcc/avr/4.3.3/../../../../avr/lib/avr51/crtm128.o
__vector_default                                  c:/winavr-20100110/bin/../lib/gcc/avr/4.3.3/../../../../avr/lib/avr51/crtm128.o
__vectors                                         c:/winavr-20100110/bin/../lib/gcc/avr/4.3.3/../../../../avr/lib/avr51/crtm128.o
_exit                                             c:/winavr-20100110/bin/../lib/gcc/avr/4.3.3/avr51\libgcc.a(_exit.o)
_fileno                                           C:/ethernut-5.1/nutbld/lib\libnutcrt.a(fileno.o)
                                                  five_thread.o
_fmode                                            C:/ethernut-5.1/nutbld/lib\libnutcrt.a(fmode.o)
                                                  C:/ethernut-5.1/nutbld/lib\libnutcrt.a(fopen.o)
_ioctl                                            C:/ethernut-5.1/nutbld/lib\libnutcrt.a(ioctl.o)
                                                  five_thread.o
_open                                             C:/ethernut-5.1/nutbld/lib\libnutcrt.a(open.o)
                                                  C:/ethernut-5.1/nutbld/lib\libnutcrt.a(fopen.o)
_putf                                             C:/ethernut-5.1/nutbld/lib\libnutcrt.a(putf.o)
                                                  C:/ethernut-5.1/nutbld/lib\libnutcrt.a(vfprintf.o)
_read                                             C:/ethernut-5.1/nutbld/lib\libnutcrt.a(read.o)
                                                  C:/ethernut-5.1/nutbld/lib\libnutcrt.a(fgetc.o)
                                                  five_thread.o
_write                                            C:/ethernut-5.1/nutbld/lib\libnutcrt.a(write.o)
                                                  C:/ethernut-5.1/nutbld/lib\libnutcrt.a(vfprintf.o)
                                                  C:/ethernut-5.1/nutbld/lib\libnutcrt.a(fputs.o)
                                                  C:/ethernut-5.1/nutbld/lib\libnutcrt.a(fflush.o)
                                                  five_thread.o
_write_P                                          C:/ethernut-5.1/nutbld/lib\libnutcrt.a(write_p.o)
                                                  C:/ethernut-5.1/nutbld/lib\libnutcrt.a(fputs_p.o)
                                                  five_thread.o
baud                                              five_thread.o
confos                                            C:/ethernut-5.1/nutbld/lib\libnutos.a(confos.o)
cp                                                five_thread.o
devDebug0                                         C:/ethernut-5.1/nutbld/lib\libnutarch.a(debug0.o)
                                                  five_thread.o
errno                                             C:/ethernut-5.1/nutbld/lib\libnutcrt.a(fmode.o)
                                                  C:/ethernut-5.1/nutbld/lib\libnutcrt.a(open.o)
                                                  C:/ethernut-5.1/nutbld/lib\libnutcrt.a(malloc.o)
                                                  C:/ethernut-5.1/nutbld/lib\libnutcrt.a(errno.o)
                                                  C:/ethernut-5.1/nutbld/lib\libnutcrt.a(fopen.o)
exit                                              c:/winavr-20100110/bin/../lib/gcc/avr/4.3.3/avr51\libgcc.a(_exit.o)
                                                  c:/winavr-20100110/bin/../lib/gcc/avr/4.3.3/../../../../avr/lib/avr51/crtm128.o
fflush                                            C:/ethernut-5.1/nutbld/lib\libnutcrt.a(fflush.o)
                                                  five_thread.o
fgetc                                             C:/ethernut-5.1/nutbld/lib\libnutcrt.a(fgetc.o)
                                                  C:/ethernut-5.1/nutbld/lib\libnutcrt.a(fgets.o)
fgets                                             C:/ethernut-5.1/nutbld/lib\libnutcrt.a(fgets.o)
                                                  five_thread.o
fopen                                             C:/ethernut-5.1/nutbld/lib\libnutcrt.a(fopen.o)
                                                  five_thread.o
fprintf                                           C:/ethernut-5.1/nutbld/lib\libnutcrt.a(fprintf.o)
                                                  C:/ethernut-5.1/nutbld/lib\libnutos.a(heap.o)
                                                  five_thread.o
fputs                                             C:/ethernut-5.1/nutbld/lib\libnutcrt.a(fputs.o)
                                                  five_thread.o
fputs_P                                           C:/ethernut-5.1/nutbld/lib\libnutcrt.a(fputs_p.o)
                                                  five_thread.o
free                                              C:/ethernut-5.1/nutbld/lib\libnutcrt.a(malloc.o)
                                                  C:/ethernut-5.1/nutbld/lib\libnutcrt.a(putf.o)
                                                  C:/ethernut-5.1/nutbld/lib\libnutcrt.a(fopen.o)
got                                               five_thread.o
heapFreeList                                      C:/ethernut-5.1/nutbld/lib\libnutarch.a(context_gcc.o)
                                                  C:/ethernut-5.1/nutbld/lib\libnutcrt.a(malloc.o)
                                                  C:/ethernut-5.1/nutbld/lib\libnutos.a(timer.o)
                                                  C:/ethernut-5.1/nutbld/lib\libnutos.a(thread.o)
                                                  C:/ethernut-5.1/nutbld/lib\libnutos.a(heap.o)
                                                  C:/ethernut-5.1/nutbld/lib/nutinit.o
idle_sleep_mode                                   C:/ethernut-5.1/nutbld/lib/nutinit.o
killedThread                                      C:/ethernut-5.1/nutbld/lib\libnutos.a(thread.o)
main                                              c:/winavr-20100110/bin/../lib/gcc/avr/4.3.3/../../../../avr/lib/avr51/crtm128.o
malloc                                            C:/ethernut-5.1/nutbld/lib\libnutcrt.a(malloc.o)
                                                  C:/ethernut-5.1/nutbld/lib\libnutcrt.a(putf.o)
                                                  C:/ethernut-5.1/nutbld/lib\libnutcrt.a(fopen.o)
memchr                                            c:/winavr-20100110/bin/../lib/gcc/avr/4.3.3/../../../../avr/lib/avr51\libc.a(memchr.o)
                                                  C:/ethernut-5.1/nutbld/lib\libnutcrt.a(putf.o)
memcmp                                            c:/winavr-20100110/bin/../lib/gcc/avr/4.3.3/../../../../avr/lib/avr51\libc.a(memcmp.o)
                                                  C:/ethernut-5.1/nutbld/lib\libnutos.a(confos.o)
memcpy                                            c:/winavr-20100110/bin/../lib/gcc/avr/4.3.3/../../../../avr/lib/avr51\libc.a(memcpy.o)
                                                  C:/ethernut-5.1/nutbld/lib\libnutos.a(heap.o)
memset                                            c:/winavr-20100110/bin/../lib/gcc/avr/4.3.3/../../../../avr/lib/avr51\libc.a(memset.o)
                                                  C:/ethernut-5.1/nutbld/lib\libnutos.a(heap.o)
ms62_5                                            C:/ethernut-5.1/nutbld/lib/nutinit.o
nutDeviceList                                     C:/ethernut-5.1/nutbld/lib\libnutos.a(devreg.o)
nutThreadList                                     C:/ethernut-5.1/nutbld/lib\libnutarch.a(context_gcc.o)
                                                  C:/ethernut-5.1/nutbld/lib\libnutos.a(thread.o)
nutTimerList                                      C:/ethernut-5.1/nutbld/lib\libnutos.a(timer.o)
nut_ticks                                         C:/ethernut-5.1/nutbld/lib\libnutos.a(timer.o)
runQueue                                          C:/ethernut-5.1/nutbld/lib\libnutarch.a(context_gcc.o)
                                                  C:/ethernut-5.1/nutbld/lib\libnutos.a(event.o)
                                                  C:/ethernut-5.1/nutbld/lib\libnutos.a(timer.o)
                                                  C:/ethernut-5.1/nutbld/lib\libnutos.a(thread.o)
runningThread                                     C:/ethernut-5.1/nutbld/lib\libnutarch.a(context_gcc.o)
                                                  C:/ethernut-5.1/nutbld/lib\libnutos.a(event.o)
                                                  C:/ethernut-5.1/nutbld/lib\libnutos.a(timer.o)
                                                  C:/ethernut-5.1/nutbld/lib\libnutos.a(thread.o)
sig_OUTPUT_COMPARE0                               C:/ethernut-5.1/nutbld/lib\libnutarch.a(ih_timer0_comp.o)
                                                  C:/ethernut-5.1/nutbld/lib\libnutarch.a(ostimer.o)
strchr                                            c:/winavr-20100110/bin/../lib/gcc/avr/4.3.3/../../../../avr/lib/avr51\libc.a(strchr.o)
                                                  five_thread.o
strcmp                                            c:/winavr-20100110/bin/../lib/gcc/avr/4.3.3/../../../../avr/lib/avr51\libc.a(strcmp.o)
                                                  C:/ethernut-5.1/nutbld/lib\libnutos.a(devreg.o)
                                                  C:/ethernut-5.1/nutbld/lib\libnutos.a(thread.o)
strcpy                                            c:/winavr-20100110/bin/../lib/gcc/avr/4.3.3/../../../../avr/lib/avr51\libc.a(strcpy.o)
                                                  C:/ethernut-5.1/nutbld/lib\libnutos.a(confos.o)
strcpy_P                                          c:/winavr-20100110/bin/../lib/gcc/avr/4.3.3/../../../../avr/lib/avr51\libc.a(strcpy_P.o)
                                                  C:/ethernut-5.1/nutbld/lib\libnutcrt.a(putf.o)
strlen_P                                          c:/winavr-20100110/bin/../lib/gcc/avr/4.3.3/../../../../avr/lib/avr51\libc.a(strlen_P.o)
                                                  C:/ethernut-5.1/nutbld/lib\libnutcrt.a(putf.o)
                                                  C:/ethernut-5.1/nutbld/lib\libnutcrt.a(fputs_p.o)
thread_start                                      C:/ethernut-5.1/nutbld/lib\libnutarch.a(context_gcc.o)
uart                                              five_thread.o
vfprintf                                          C:/ethernut-5.1/nutbld/lib\libnutcrt.a(vfprintf.o)
                                                  C:/ethernut-5.1/nutbld/lib\libnutcrt.a(fprintf.o)
